ARM Linker, 5.03 [Build 76] [MDK-ARM Lite]

==============================================================================

Section Cross References

    startup_stm32f30x.o(RESET) refers to startup_stm32f30x.o(STACK) for __initial_sp
    startup_stm32f30x.o(RESET) refers to startup_stm32f30x.o(.text) for Reset_Handler
    startup_stm32f30x.o(RESET) refers to stm32f3_button.o(.text) for EXTI0_IRQHandler
    startup_stm32f30x.o(RESET) refers to stm32f3_dma.o(.text) for DMA1_Channel1_IRQHandler
    startup_stm32f30x.o(RESET) refers to stm32f3_generaltimer2.o(.text) for TIM2_IRQHandler
    startup_stm32f30x.o(RESET) refers to stm32f3_uart.o(.text) for USART2_IRQHandler
    startup_stm32f30x.o(.text) refers to system_stm32f30x.o(.text) for SystemInit
    startup_stm32f30x.o(.text) refers to entry.o(.ARM.Collect$$$$00000000) for __main
    cli.o(.text) refers to printf8.o(i.__0printf$8) for __2printf
    cli.o(.text) refers to stm32f3_flash.o(.text) for FlashWrite16
    cli.o(.text) refers to stm32f3_watchdog.o(.text) for Watchdog_Trigger
    cli.o(.text) refers to stm32f3_dma.o(.text) for DMA_MemSet
    cli.o(.text) refers to stm32f3_discovery_board.o(.text) for Get_temperature
    cli.o(.text) refers to stm32f3_exec.o(.text) for Exec_SetTask
    cli.o(.text) refers to cli.o(.bss) for cmd_cli_list
    cli.o(.text) refers to cli.o(.data) for new_char
    main.o(.text) refers to stm32f3_leds.o(.text) for LEDS_Init
    main.o(.text) refers to stm32f3_exec.o(.text) for Exec_Init
    main.o(.text) refers to stm32f3_button.o(.text) for Button_Init
    main.o(.text) refers to stm32f3_generaltimer2.o(.text) for TIM2_Init
    main.o(.text) refers to stm32f3_uart.o(.text) for UART_Init
    main.o(.text) refers to stm32f3_dma.o(.text) for DMA_Start
    main.o(.text) refers to cli.o(.text) for CLI_Init
    main.o(.text) refers to stm32f3_discovery_lsm303dlhc.o(.text) for LSM303DLHC_MagInit
    main.o(.text) refers to stm32f3_watchdog.o(.text) for Watchdog_POR
    main.o(.text) refers to printf8.o(i.__0printf$8) for __2printf
    stm32f3_button.o(.text) refers to stm32f3_leds.o(.text) for LEDS_Toggle
    stm32f3_button.o(.text) refers to stm32f3_exec.o(.text) for Exec_SetTask
    stm32f3_exec.o(.text) refers to stm32f3_exec.o(.data) for ExecTaskFlag
    stm32f3_exec.o(.text) refers to stm32f3_exec.o(.bss) for ExecTaskList
    stm32f3_exec.o(.text) refers to stm32f3_button.o(.text) for Button_Task
    stm32f3_exec.o(.text) refers to stm32f3_generaltimer2.o(.text) for TIM2_Task
    stm32f3_exec.o(.text) refers to cli.o(.text) for CLI_AddByte
    stm32f3_exec.o(.text) refers to stm32f3_watchdog.o(.text) for Watchdog_wait
    stm32f3_generaltimer2.o(.text) refers to stm32f3_exec.o(.text) for Exec_SetTask
    stm32f3_generaltimer2.o(.text) refers to stm32f3_leds.o(.text) for LEDS_Toggle
    stm32f3_uart.o(.text) refers to stm32f3_exec.o(.text) for Exec_SetTask
    stm32f3_watchdog.o(.text) refers to stm32f3_exec.o(.text) for Exec_SetTask
    stm32f3_watchdog.o(.text) refers to stm32f3_watchdog.o(.data) for refresh
    system_stm32f30x.o(.text) refers to system_stm32f30x.o(.data) for SystemCoreClock
    stm32f30x_gpio.o(.text) refers to stm32f30x_rcc.o(.text) for RCC_AHBPeriphResetCmd
    stm32f30x_i2c.o(.text) refers to stm32f30x_rcc.o(.text) for RCC_APB1PeriphResetCmd
    stm32f30x_rcc.o(.text) refers to stm32f30x_rcc.o(.data) for APBAHBPrescTable
    stm32f3_discovery_lsm303dlhc.o(.text) refers to stm32f3_discovery_board.o(.text) for LSM303DLHC_TIMEOUT_UserCallback
    stm32f3_discovery_lsm303dlhc.o(.text) refers to stm32f30x_i2c.o(.text) for I2C_GetFlagStatus
    stm32f3_discovery_lsm303dlhc.o(.text) refers to stm32f30x_rcc.o(.text) for RCC_APB1PeriphClockCmd
    stm32f3_discovery_lsm303dlhc.o(.text) refers to stm32f30x_gpio.o(.text) for GPIO_PinAFConfig
    stm32f3_discovery_lsm303dlhc.o(.text) refers to stm32f30x_syscfg.o(.text) for SYSCFG_EXTILineConfig
    stm32f3_discovery_lsm303dlhc.o(.text) refers to stm32f30x_exti.o(.text) for EXTI_Init
    stm32f3_discovery_lsm303dlhc.o(.text) refers to stm32f3_discovery_lsm303dlhc.o(.data) for LSM303DLHC_Timeout
    stm32f3_discovery_board.o(.text) refers to stm32f3_discovery_lsm303dlhc.o(.text) for LSM303DLHC_Read
    entry.o(.ARM.Collect$$$$00000000) refers (Special) to entry10a.o(.ARM.Collect$$$$0000000D) for __rt_final_cpp
    entry.o(.ARM.Collect$$$$00000000) refers (Special) to entry11a.o(.ARM.Collect$$$$0000000F) for __rt_final_exit
    entry.o(.ARM.Collect$$$$00000000) refers (Special) to entry7b.o(.ARM.Collect$$$$00000008) for _main_clock
    entry.o(.ARM.Collect$$$$00000000) refers (Special) to entry8b.o(.ARM.Collect$$$$0000000A) for _main_cpp_init
    entry.o(.ARM.Collect$$$$00000000) refers (Special) to entry9a.o(.ARM.Collect$$$$0000000B) for _main_init
    entry.o(.ARM.Collect$$$$00000000) refers (Special) to entry5.o(.ARM.Collect$$$$00000004) for _main_scatterload
    entry.o(.ARM.Collect$$$$00000000) refers (Special) to entry2.o(.ARM.Collect$$$$00000001) for _main_stk
    printfb.o(i.__0fprintf$bare) refers to printfb.o(i._printf_core) for _printf_core
    printfb.o(i.__0fprintf$bare) refers to stm32f3_uart.o(.text) for fputc
    printfb.o(i.__0printf$bare) refers to printfb.o(i._printf_core) for _printf_core
    printfb.o(i.__0printf$bare) refers to stm32f3_uart.o(.text) for fputc
    printfb.o(i.__0printf$bare) refers to stdout.o(.data) for __stdout
    printfb.o(i.__0snprintf$bare) refers to printfb.o(i._printf_core) for _printf_core
    printfb.o(i.__0snprintf$bare) refers to printfb.o(i._snputc) for _snputc
    printfb.o(i.__0sprintf$bare) refers to printfb.o(i._printf_core) for _printf_core
    printfb.o(i.__0sprintf$bare) refers to printfb.o(i._sputc) for _sputc
    printfb.o(i.__0vfprintf$bare) refers to printfb.o(i._printf_core) for _printf_core
    printfb.o(i.__0vfprintf$bare) refers to stm32f3_uart.o(.text) for fputc
    printfb.o(i.__0vprintf$bare) refers to printfb.o(i._printf_core) for _printf_core
    printfb.o(i.__0vprintf$bare) refers to stm32f3_uart.o(.text) for fputc
    printfb.o(i.__0vprintf$bare) refers to stdout.o(.data) for __stdout
    printfb.o(i.__0vsnprintf$bare) refers to printfb.o(i._printf_core) for _printf_core
    printfb.o(i.__0vsnprintf$bare) refers to printfb.o(i._snputc) for _snputc
    printfb.o(i.__0vsprintf$bare) refers to printfb.o(i._printf_core) for _printf_core
    printfb.o(i.__0vsprintf$bare) refers to printfb.o(i._sputc) for _sputc
    printf0.o(i.__0fprintf$0) refers to printf0.o(i._printf_core) for _printf_core
    printf0.o(i.__0fprintf$0) refers to stm32f3_uart.o(.text) for fputc
    printf0.o(i.__0printf$0) refers to printf0.o(i._printf_core) for _printf_core
    printf0.o(i.__0printf$0) refers to stm32f3_uart.o(.text) for fputc
    printf0.o(i.__0printf$0) refers to stdout.o(.data) for __stdout
    printf0.o(i.__0snprintf$0) refers to printf0.o(i._printf_core) for _printf_core
    printf0.o(i.__0snprintf$0) refers to printf0.o(i._snputc) for _snputc
    printf0.o(i.__0sprintf$0) refers to printf0.o(i._printf_core) for _printf_core
    printf0.o(i.__0sprintf$0) refers to printf0.o(i._sputc) for _sputc
    printf0.o(i.__0vfprintf$0) refers to printf0.o(i._printf_core) for _printf_core
    printf0.o(i.__0vfprintf$0) refers to stm32f3_uart.o(.text) for fputc
    printf0.o(i.__0vprintf$0) refers to printf0.o(i._printf_core) for _printf_core
    printf0.o(i.__0vprintf$0) refers to stm32f3_uart.o(.text) for fputc
    printf0.o(i.__0vprintf$0) refers to stdout.o(.data) for __stdout
    printf0.o(i.__0vsnprintf$0) refers to printf0.o(i._printf_core) for _printf_core
    printf0.o(i.__0vsnprintf$0) refers to printf0.o(i._snputc) for _snputc
    printf0.o(i.__0vsprintf$0) refers to printf0.o(i._printf_core) for _printf_core
    printf0.o(i.__0vsprintf$0) refers to printf0.o(i._sputc) for _sputc
    printf1.o(i.__0fprintf$1) refers to printf1.o(i._printf_core) for _printf_core
    printf1.o(i.__0fprintf$1) refers to stm32f3_uart.o(.text) for fputc
    printf1.o(i.__0printf$1) refers to printf1.o(i._printf_core) for _printf_core
    printf1.o(i.__0printf$1) refers to stm32f3_uart.o(.text) for fputc
    printf1.o(i.__0printf$1) refers to stdout.o(.data) for __stdout
    printf1.o(i.__0snprintf$1) refers to printf1.o(i._printf_core) for _printf_core
    printf1.o(i.__0snprintf$1) refers to printf1.o(i._snputc) for _snputc
    printf1.o(i.__0sprintf$1) refers to printf1.o(i._printf_core) for _printf_core
    printf1.o(i.__0sprintf$1) refers to printf1.o(i._sputc) for _sputc
    printf1.o(i.__0vfprintf$1) refers to printf1.o(i._printf_core) for _printf_core
    printf1.o(i.__0vfprintf$1) refers to stm32f3_uart.o(.text) for fputc
    printf1.o(i.__0vprintf$1) refers to printf1.o(i._printf_core) for _printf_core
    printf1.o(i.__0vprintf$1) refers to stm32f3_uart.o(.text) for fputc
    printf1.o(i.__0vprintf$1) refers to stdout.o(.data) for __stdout
    printf1.o(i.__0vsnprintf$1) refers to printf1.o(i._printf_core) for _printf_core
    printf1.o(i.__0vsnprintf$1) refers to printf1.o(i._snputc) for _snputc
    printf1.o(i.__0vsprintf$1) refers to printf1.o(i._printf_core) for _printf_core
    printf1.o(i.__0vsprintf$1) refers to printf1.o(i._sputc) for _sputc
    printf1.o(i._printf_core) refers to uidiv.o(.text) for __aeabi_uidivmod
    printf2.o(i.__0fprintf$2) refers to printf2.o(i._printf_core) for _printf_core
    printf2.o(i.__0fprintf$2) refers to stm32f3_uart.o(.text) for fputc
    printf2.o(i.__0printf$2) refers to printf2.o(i._printf_core) for _printf_core
    printf2.o(i.__0printf$2) refers to stm32f3_uart.o(.text) for fputc
    printf2.o(i.__0printf$2) refers to stdout.o(.data) for __stdout
    printf2.o(i.__0snprintf$2) refers to printf2.o(i._printf_core) for _printf_core
    printf2.o(i.__0snprintf$2) refers to printf2.o(i._snputc) for _snputc
    printf2.o(i.__0sprintf$2) refers to printf2.o(i._printf_core) for _printf_core
    printf2.o(i.__0sprintf$2) refers to printf2.o(i._sputc) for _sputc
    printf2.o(i.__0vfprintf$2) refers to printf2.o(i._printf_core) for _printf_core
    printf2.o(i.__0vfprintf$2) refers to stm32f3_uart.o(.text) for fputc
    printf2.o(i.__0vprintf$2) refers to printf2.o(i._printf_core) for _printf_core
    printf2.o(i.__0vprintf$2) refers to stm32f3_uart.o(.text) for fputc
    printf2.o(i.__0vprintf$2) refers to stdout.o(.data) for __stdout
    printf2.o(i.__0vsnprintf$2) refers to printf2.o(i._printf_core) for _printf_core
    printf2.o(i.__0vsnprintf$2) refers to printf2.o(i._snputc) for _snputc
    printf2.o(i.__0vsprintf$2) refers to printf2.o(i._printf_core) for _printf_core
    printf2.o(i.__0vsprintf$2) refers to printf2.o(i._sputc) for _sputc
    printf3.o(i.__0fprintf$3) refers to printf3.o(i._printf_core) for _printf_core
    printf3.o(i.__0fprintf$3) refers to stm32f3_uart.o(.text) for fputc
    printf3.o(i.__0printf$3) refers to printf3.o(i._printf_core) for _printf_core
    printf3.o(i.__0printf$3) refers to stm32f3_uart.o(.text) for fputc
    printf3.o(i.__0printf$3) refers to stdout.o(.data) for __stdout
    printf3.o(i.__0snprintf$3) refers to printf3.o(i._printf_core) for _printf_core
    printf3.o(i.__0snprintf$3) refers to printf3.o(i._snputc) for _snputc
    printf3.o(i.__0sprintf$3) refers to printf3.o(i._printf_core) for _printf_core
    printf3.o(i.__0sprintf$3) refers to printf3.o(i._sputc) for _sputc
    printf3.o(i.__0vfprintf$3) refers to printf3.o(i._printf_core) for _printf_core
    printf3.o(i.__0vfprintf$3) refers to stm32f3_uart.o(.text) for fputc
    printf3.o(i.__0vprintf$3) refers to printf3.o(i._printf_core) for _printf_core
    printf3.o(i.__0vprintf$3) refers to stm32f3_uart.o(.text) for fputc
    printf3.o(i.__0vprintf$3) refers to stdout.o(.data) for __stdout
    printf3.o(i.__0vsnprintf$3) refers to printf3.o(i._printf_core) for _printf_core
    printf3.o(i.__0vsnprintf$3) refers to printf3.o(i._snputc) for _snputc
    printf3.o(i.__0vsprintf$3) refers to printf3.o(i._printf_core) for _printf_core
    printf3.o(i.__0vsprintf$3) refers to printf3.o(i._sputc) for _sputc
    printf3.o(i._printf_core) refers to uidiv.o(.text) for __aeabi_uidivmod
    printf4.o(i.__0fprintf$4) refers to printf4.o(i._printf_core) for _printf_core
    printf4.o(i.__0fprintf$4) refers to stm32f3_uart.o(.text) for fputc
    printf4.o(i.__0printf$4) refers to printf4.o(i._printf_core) for _printf_core
    printf4.o(i.__0printf$4) refers to stm32f3_uart.o(.text) for fputc
    printf4.o(i.__0printf$4) refers to stdout.o(.data) for __stdout
    printf4.o(i.__0snprintf$4) refers to printf4.o(i._printf_core) for _printf_core
    printf4.o(i.__0snprintf$4) refers to printf4.o(i._snputc) for _snputc
    printf4.o(i.__0sprintf$4) refers to printf4.o(i._printf_core) for _printf_core
    printf4.o(i.__0sprintf$4) refers to printf4.o(i._sputc) for _sputc
    printf4.o(i.__0vfprintf$4) refers to printf4.o(i._printf_core) for _printf_core
    printf4.o(i.__0vfprintf$4) refers to stm32f3_uart.o(.text) for fputc
    printf4.o(i.__0vprintf$4) refers to printf4.o(i._printf_core) for _printf_core
    printf4.o(i.__0vprintf$4) refers to stm32f3_uart.o(.text) for fputc
    printf4.o(i.__0vprintf$4) refers to stdout.o(.data) for __stdout
    printf4.o(i.__0vsnprintf$4) refers to printf4.o(i._printf_core) for _printf_core
    printf4.o(i.__0vsnprintf$4) refers to printf4.o(i._snputc) for _snputc
    printf4.o(i.__0vsprintf$4) refers to printf4.o(i._printf_core) for _printf_core
    printf4.o(i.__0vsprintf$4) refers to printf4.o(i._sputc) for _sputc
    printf4.o(i._printf_core) refers to uldiv.o(.text) for __aeabi_uldivmod
    printf5.o(i.__0fprintf$5) refers to printf5.o(i._printf_core) for _printf_core
    printf5.o(i.__0fprintf$5) refers to stm32f3_uart.o(.text) for fputc
    printf5.o(i.__0printf$5) refers to printf5.o(i._printf_core) for _printf_core
    printf5.o(i.__0printf$5) refers to stm32f3_uart.o(.text) for fputc
    printf5.o(i.__0printf$5) refers to stdout.o(.data) for __stdout
    printf5.o(i.__0snprintf$5) refers to printf5.o(i._printf_core) for _printf_core
    printf5.o(i.__0snprintf$5) refers to printf5.o(i._snputc) for _snputc
    printf5.o(i.__0sprintf$5) refers to printf5.o(i._printf_core) for _printf_core
    printf5.o(i.__0sprintf$5) refers to printf5.o(i._sputc) for _sputc
    printf5.o(i.__0vfprintf$5) refers to printf5.o(i._printf_core) for _printf_core
    printf5.o(i.__0vfprintf$5) refers to stm32f3_uart.o(.text) for fputc
    printf5.o(i.__0vprintf$5) refers to printf5.o(i._printf_core) for _printf_core
    printf5.o(i.__0vprintf$5) refers to stm32f3_uart.o(.text) for fputc
    printf5.o(i.__0vprintf$5) refers to stdout.o(.data) for __stdout
    printf5.o(i.__0vsnprintf$5) refers to printf5.o(i._printf_core) for _printf_core
    printf5.o(i.__0vsnprintf$5) refers to printf5.o(i._snputc) for _snputc
    printf5.o(i.__0vsprintf$5) refers to printf5.o(i._printf_core) for _printf_core
    printf5.o(i.__0vsprintf$5) refers to printf5.o(i._sputc) for _sputc
    printf5.o(i._printf_core) refers to uldiv.o(.text) for __aeabi_uldivmod
    printf6.o(i.__0fprintf$6) refers to printf6.o(i._printf_core) for _printf_core
    printf6.o(i.__0fprintf$6) refers to stm32f3_uart.o(.text) for fputc
    printf6.o(i.__0printf$6) refers to printf6.o(i._printf_core) for _printf_core
    printf6.o(i.__0printf$6) refers to stm32f3_uart.o(.text) for fputc
    printf6.o(i.__0printf$6) refers to stdout.o(.data) for __stdout
    printf6.o(i.__0snprintf$6) refers to printf6.o(i._printf_core) for _printf_core
    printf6.o(i.__0snprintf$6) refers to printf6.o(i._snputc) for _snputc
    printf6.o(i.__0sprintf$6) refers to printf6.o(i._printf_core) for _printf_core
    printf6.o(i.__0sprintf$6) refers to printf6.o(i._sputc) for _sputc
    printf6.o(i.__0vfprintf$6) refers to printf6.o(i._printf_core) for _printf_core
    printf6.o(i.__0vfprintf$6) refers to stm32f3_uart.o(.text) for fputc
    printf6.o(i.__0vprintf$6) refers to printf6.o(i._printf_core) for _printf_core
    printf6.o(i.__0vprintf$6) refers to stm32f3_uart.o(.text) for fputc
    printf6.o(i.__0vprintf$6) refers to stdout.o(.data) for __stdout
    printf6.o(i.__0vsnprintf$6) refers to printf6.o(i._printf_core) for _printf_core
    printf6.o(i.__0vsnprintf$6) refers to printf6.o(i._snputc) for _snputc
    printf6.o(i.__0vsprintf$6) refers to printf6.o(i._printf_core) for _printf_core
    printf6.o(i.__0vsprintf$6) refers to printf6.o(i._sputc) for _sputc
    printf6.o(i._printf_core) refers to printf6.o(i._printf_pre_padding) for _printf_pre_padding
    printf6.o(i._printf_core) refers to uidiv.o(.text) for __aeabi_uidivmod
    printf6.o(i._printf_core) refers to printf6.o(i._printf_post_padding) for _printf_post_padding
    printf7.o(i.__0fprintf$7) refers to printf7.o(i._printf_core) for _printf_core
    printf7.o(i.__0fprintf$7) refers to stm32f3_uart.o(.text) for fputc
    printf7.o(i.__0printf$7) refers to printf7.o(i._printf_core) for _printf_core
    printf7.o(i.__0printf$7) refers to stm32f3_uart.o(.text) for fputc
    printf7.o(i.__0printf$7) refers to stdout.o(.data) for __stdout
    printf7.o(i.__0snprintf$7) refers to printf7.o(i._printf_core) for _printf_core
    printf7.o(i.__0snprintf$7) refers to printf7.o(i._snputc) for _snputc
    printf7.o(i.__0sprintf$7) refers to printf7.o(i._printf_core) for _printf_core
    printf7.o(i.__0sprintf$7) refers to printf7.o(i._sputc) for _sputc
    printf7.o(i.__0vfprintf$7) refers to printf7.o(i._printf_core) for _printf_core
    printf7.o(i.__0vfprintf$7) refers to stm32f3_uart.o(.text) for fputc
    printf7.o(i.__0vprintf$7) refers to printf7.o(i._printf_core) for _printf_core
    printf7.o(i.__0vprintf$7) refers to stm32f3_uart.o(.text) for fputc
    printf7.o(i.__0vprintf$7) refers to stdout.o(.data) for __stdout
    printf7.o(i.__0vsnprintf$7) refers to printf7.o(i._printf_core) for _printf_core
    printf7.o(i.__0vsnprintf$7) refers to printf7.o(i._snputc) for _snputc
    printf7.o(i.__0vsprintf$7) refers to printf7.o(i._printf_core) for _printf_core
    printf7.o(i.__0vsprintf$7) refers to printf7.o(i._sputc) for _sputc
    printf7.o(i._printf_core) refers to printf7.o(i._printf_pre_padding) for _printf_pre_padding
    printf7.o(i._printf_core) refers to uldiv.o(.text) for __aeabi_uldivmod
    printf7.o(i._printf_core) refers to printf7.o(i._printf_post_padding) for _printf_post_padding
    printf8.o(i.__0fprintf$8) refers to printf8.o(i._printf_core) for _printf_core
    printf8.o(i.__0fprintf$8) refers to stm32f3_uart.o(.text) for fputc
    printf8.o(i.__0printf$8) refers to printf8.o(i._printf_core) for _printf_core
    printf8.o(i.__0printf$8) refers to stm32f3_uart.o(.text) for fputc
    printf8.o(i.__0printf$8) refers to stdout.o(.data) for __stdout
    printf8.o(i.__0snprintf$8) refers to printf8.o(i._printf_core) for _printf_core
    printf8.o(i.__0snprintf$8) refers to printf8.o(i._snputc) for _snputc
    printf8.o(i.__0sprintf$8) refers to printf8.o(i._printf_core) for _printf_core
    printf8.o(i.__0sprintf$8) refers to printf8.o(i._sputc) for _sputc
    printf8.o(i.__0vfprintf$8) refers to printf8.o(i._printf_core) for _printf_core
    printf8.o(i.__0vfprintf$8) refers to stm32f3_uart.o(.text) for fputc
    printf8.o(i.__0vprintf$8) refers to printf8.o(i._printf_core) for _printf_core
    printf8.o(i.__0vprintf$8) refers to stm32f3_uart.o(.text) for fputc
    printf8.o(i.__0vprintf$8) refers to stdout.o(.data) for __stdout
    printf8.o(i.__0vsnprintf$8) refers to printf8.o(i._printf_core) for _printf_core
    printf8.o(i.__0vsnprintf$8) refers to printf8.o(i._snputc) for _snputc
    printf8.o(i.__0vsprintf$8) refers to printf8.o(i._printf_core) for _printf_core
    printf8.o(i.__0vsprintf$8) refers to printf8.o(i._sputc) for _sputc
    printf8.o(i._printf_core) refers to printf8.o(i._printf_pre_padding) for _printf_pre_padding
    printf8.o(i._printf_core) refers to uldiv.o(.text) for __aeabi_uldivmod
    printf8.o(i._printf_core) refers to printf8.o(i._printf_post_padding) for _printf_post_padding
    printfa.o(i.__0fprintf) refers (Special) to iusefp.o(.text) for __I$use$fp
    printfa.o(i.__0fprintf) refers to printfa.o(i._printf_core) for _printf_core
    printfa.o(i.__0fprintf) refers to stm32f3_uart.o(.text) for fputc
    printfa.o(i.__0printf) refers (Special) to iusefp.o(.text) for __I$use$fp
    printfa.o(i.__0printf) refers to printfa.o(i._printf_core) for _printf_core
    printfa.o(i.__0printf) refers to stm32f3_uart.o(.text) for fputc
    printfa.o(i.__0printf) refers to stdout.o(.data) for __stdout
    printfa.o(i.__0snprintf) refers (Special) to iusefp.o(.text) for __I$use$fp
    printfa.o(i.__0snprintf) refers to printfa.o(i._printf_core) for _printf_core
    printfa.o(i.__0snprintf) refers to printfa.o(i._snputc) for _snputc
    printfa.o(i.__0sprintf) refers (Special) to iusefp.o(.text) for __I$use$fp
    printfa.o(i.__0sprintf) refers to printfa.o(i._printf_core) for _printf_core
    printfa.o(i.__0sprintf) refers to printfa.o(i._sputc) for _sputc
    printfa.o(i.__0vfprintf) refers (Special) to iusefp.o(.text) for __I$use$fp
    printfa.o(i.__0vfprintf) refers to printfa.o(i._printf_core) for _printf_core
    printfa.o(i.__0vfprintf) refers to stm32f3_uart.o(.text) for fputc
    printfa.o(i.__0vprintf) refers (Special) to iusefp.o(.text) for __I$use$fp
    printfa.o(i.__0vprintf) refers to printfa.o(i._printf_core) for _printf_core
    printfa.o(i.__0vprintf) refers to stm32f3_uart.o(.text) for fputc
    printfa.o(i.__0vprintf) refers to stdout.o(.data) for __stdout
    printfa.o(i.__0vsnprintf) refers (Special) to iusefp.o(.text) for __I$use$fp
    printfa.o(i.__0vsnprintf) refers to printfa.o(i._printf_core) for _printf_core
    printfa.o(i.__0vsnprintf) refers to printfa.o(i._snputc) for _snputc
    printfa.o(i.__0vsprintf) refers (Special) to iusefp.o(.text) for __I$use$fp
    printfa.o(i.__0vsprintf) refers to printfa.o(i._printf_core) for _printf_core
    printfa.o(i.__0vsprintf) refers to printfa.o(i._sputc) for _sputc
    printfa.o(i._fp_digits) refers (Special) to iusefp.o(.text) for __I$use$fp
    printfa.o(i._fp_digits) refers to dmul.o(.text) for __aeabi_dmul
    printfa.o(i._fp_digits) refers to ddiv.o(.text) for __aeabi_ddiv
    printfa.o(i._fp_digits) refers to cdrcmple.o(.text) for __aeabi_cdrcmple
    printfa.o(i._fp_digits) refers to dadd.o(.text) for __aeabi_dadd
    printfa.o(i._fp_digits) refers to dfixul.o(.text) for __aeabi_d2ulz
    printfa.o(i._fp_digits) refers to uldiv.o(.text) for __aeabi_uldivmod
    printfa.o(i._printf_core) refers (Special) to iusefp.o(.text) for __I$use$fp
    printfa.o(i._printf_core) refers to printfa.o(i._printf_pre_padding) for _printf_pre_padding
    printfa.o(i._printf_core) refers to uldiv.o(.text) for __aeabi_uldivmod
    printfa.o(i._printf_core) refers to printfa.o(i._printf_post_padding) for _printf_post_padding
    printfa.o(i._printf_core) refers to printfa.o(i._fp_digits) for _fp_digits
    printfa.o(i._printf_core) refers to uidiv.o(.text) for __aeabi_uidivmod
    printfa.o(i._printf_post_padding) refers (Special) to iusefp.o(.text) for __I$use$fp
    printfa.o(i._printf_pre_padding) refers (Special) to iusefp.o(.text) for __I$use$fp
    printfa.o(i._snputc) refers (Special) to iusefp.o(.text) for __I$use$fp
    printfa.o(i._sputc) refers (Special) to iusefp.o(.text) for __I$use$fp
    entry2.o(.ARM.Collect$$$$00000001) refers to entry2.o(.ARM.Collect$$$$00002712) for __lit__00000000
    entry2.o(.ARM.Collect$$$$00002712) refers to startup_stm32f30x.o(STACK) for __initial_sp
    entry2.o(__vectab_stack_and_reset_area) refers to startup_stm32f30x.o(STACK) for __initial_sp
    entry2.o(__vectab_stack_and_reset_area) refers to entry.o(.ARM.Collect$$$$00000000) for __main
    entry5.o(.ARM.Collect$$$$00000004) refers to init.o(.text) for __scatterload
    entry9a.o(.ARM.Collect$$$$0000000B) refers to main.o(.text) for main
    entry9b.o(.ARM.Collect$$$$0000000C) refers to main.o(.text) for main
    uldiv.o(.text) refers to llushr.o(.text) for __aeabi_llsr
    uldiv.o(.text) refers to llshl.o(.text) for __aeabi_llsl
    dadd.o(.text) refers to llshl.o(.text) for __aeabi_llsl
    dadd.o(.text) refers to llsshr.o(.text) for __aeabi_lasr
    dadd.o(.text) refers to depilogue.o(.text) for _double_epilogue
    dmul.o(.text) refers to depilogue.o(.text) for _double_epilogue
    ddiv.o(.text) refers to depilogue.o(.text) for _double_round
    dfixul.o(.text) refers to llushr.o(.text) for __aeabi_llsr
    dfixul.o(.text) refers to llshl.o(.text) for __aeabi_llsl
    init.o(.text) refers to entry5.o(.ARM.Collect$$$$00000004) for __main_after_scatterload
    depilogue.o(.text) refers to llshl.o(.text) for __aeabi_llsl
    depilogue.o(.text) refers to llushr.o(.text) for __aeabi_llsr


==============================================================================

Removing Unused input sections from the image.

    Removing startup_stm32f30x.o(HEAP), (512 bytes).
    Removing cli.o(.rev16_text), (4 bytes).
    Removing cli.o(.revsh_text), (4 bytes).
    Removing main.o(.rev16_text), (4 bytes).
    Removing main.o(.revsh_text), (4 bytes).
    Removing stm32f3_button.o(.rev16_text), (4 bytes).
    Removing stm32f3_button.o(.revsh_text), (4 bytes).
    Removing stm32f3_dma.o(.rev16_text), (4 bytes).
    Removing stm32f3_dma.o(.revsh_text), (4 bytes).
    Removing stm32f3_exec.o(.rev16_text), (4 bytes).
    Removing stm32f3_exec.o(.revsh_text), (4 bytes).
    Removing stm32f3_flash.o(.rev16_text), (4 bytes).
    Removing stm32f3_flash.o(.revsh_text), (4 bytes).
    Removing stm32f3_generaltimer2.o(.rev16_text), (4 bytes).
    Removing stm32f3_generaltimer2.o(.revsh_text), (4 bytes).
    Removing stm32f3_leds.o(.rev16_text), (4 bytes).
    Removing stm32f3_leds.o(.revsh_text), (4 bytes).
    Removing stm32f3_tools.o(.rev16_text), (4 bytes).
    Removing stm32f3_tools.o(.revsh_text), (4 bytes).
    Removing stm32f3_tools.o(.text), (22 bytes).
    Removing stm32f3_uart.o(.rev16_text), (4 bytes).
    Removing stm32f3_uart.o(.revsh_text), (4 bytes).
    Removing stm32f3_watchdog.o(.rev16_text), (4 bytes).
    Removing stm32f3_watchdog.o(.revsh_text), (4 bytes).
    Removing system_stm32f30x.o(.rev16_text), (4 bytes).
    Removing system_stm32f30x.o(.revsh_text), (4 bytes).
    Removing stm32f30x_exti.o(.rev16_text), (4 bytes).
    Removing stm32f30x_exti.o(.revsh_text), (4 bytes).
    Removing stm32f30x_gpio.o(.rev16_text), (4 bytes).
    Removing stm32f30x_gpio.o(.revsh_text), (4 bytes).
    Removing stm32f30x_i2c.o(.rev16_text), (4 bytes).
    Removing stm32f30x_i2c.o(.revsh_text), (4 bytes).
    Removing stm32f30x_rcc.o(.rev16_text), (4 bytes).
    Removing stm32f30x_rcc.o(.revsh_text), (4 bytes).
    Removing stm32f30x_syscfg.o(.rev16_text), (4 bytes).
    Removing stm32f30x_syscfg.o(.revsh_text), (4 bytes).
    Removing stm32f3_discovery_lsm303dlhc.o(.rev16_text), (4 bytes).
    Removing stm32f3_discovery_lsm303dlhc.o(.revsh_text), (4 bytes).
    Removing stm32f3_discovery_board.o(.rev16_text), (4 bytes).
    Removing stm32f3_discovery_board.o(.revsh_text), (4 bytes).
    Removing dadd.o(.text), (334 bytes).
    Removing dmul.o(.text), (228 bytes).
    Removing ddiv.o(.text), (222 bytes).
    Removing dfixul.o(.text), (48 bytes).
    Removing cdrcmple.o(.text), (40 bytes).
    Removing depilogue.o(.text), (190 bytes).

46 unused section(s) (total 1748 bytes) removed from the image.

==============================================================================

Image Symbol Table

    Local Symbols

    Symbol Name                              Value     Ov Type        Size  Object(Section)

    ../clib/microlib/division.c              0x00000000   Number         0  uldiv.o ABSOLUTE
    ../clib/microlib/division.c              0x00000000   Number         0  uidiv.o ABSOLUTE
    ../clib/microlib/init/entry.s            0x00000000   Number         0  entry11b.o ABSOLUTE
    ../clib/microlib/init/entry.s            0x00000000   Number         0  entry11a.o ABSOLUTE
    ../clib/microlib/init/entry.s            0x00000000   Number         0  entry10b.o ABSOLUTE
    ../clib/microlib/init/entry.s            0x00000000   Number         0  entry10a.o ABSOLUTE
    ../clib/microlib/init/entry.s            0x00000000   Number         0  entry9b.o ABSOLUTE
    ../clib/microlib/init/entry.s            0x00000000   Number         0  entry8a.o ABSOLUTE
    ../clib/microlib/init/entry.s            0x00000000   Number         0  entry8b.o ABSOLUTE
    ../clib/microlib/init/entry.s            0x00000000   Number         0  entry.o ABSOLUTE
    ../clib/microlib/init/entry.s            0x00000000   Number         0  entry9a.o ABSOLUTE
    ../clib/microlib/init/entry.s            0x00000000   Number         0  entry2.o ABSOLUTE
    ../clib/microlib/init/entry.s            0x00000000   Number         0  entry7b.o ABSOLUTE
    ../clib/microlib/init/entry.s            0x00000000   Number         0  entry7a.o ABSOLUTE
    ../clib/microlib/init/entry.s            0x00000000   Number         0  entry5.o ABSOLUTE
    ../clib/microlib/longlong.c              0x00000000   Number         0  llsshr.o ABSOLUTE
    ../clib/microlib/longlong.c              0x00000000   Number         0  llushr.o ABSOLUTE
    ../clib/microlib/longlong.c              0x00000000   Number         0  llshl.o ABSOLUTE
    ../clib/microlib/printf/printf.c         0x00000000   Number         0  printf6.o ABSOLUTE
    ../clib/microlib/printf/printf.c         0x00000000   Number         0  printf7.o ABSOLUTE
    ../clib/microlib/printf/printf.c         0x00000000   Number         0  printf8.o ABSOLUTE
    ../clib/microlib/printf/printf.c         0x00000000   Number         0  printfa.o ABSOLUTE
    ../clib/microlib/printf/printf.c         0x00000000   Number         0  printf2.o ABSOLUTE
    ../clib/microlib/printf/printf.c         0x00000000   Number         0  printf3.o ABSOLUTE
    ../clib/microlib/printf/printf.c         0x00000000   Number         0  printf4.o ABSOLUTE
    ../clib/microlib/printf/printf.c         0x00000000   Number         0  printf1.o ABSOLUTE
    ../clib/microlib/printf/printf.c         0x00000000   Number         0  printf5.o ABSOLUTE
    ../clib/microlib/printf/printf.c         0x00000000   Number         0  printfb.o ABSOLUTE
    ../clib/microlib/printf/printf.c         0x00000000   Number         0  printf0.o ABSOLUTE
    ../clib/microlib/printf/stubs.s          0x00000000   Number         0  stubs.o ABSOLUTE
    ../clib/microlib/stdio/streams.c         0x00000000   Number         0  stdout.o ABSOLUTE
    ../clib/microlib/stubs.s                 0x00000000   Number         0  iusefp.o ABSOLUTE
    ../fplib/microlib/fpadd.c                0x00000000   Number         0  dadd.o ABSOLUTE
    ../fplib/microlib/fpdiv.c                0x00000000   Number         0  ddiv.o ABSOLUTE
    ../fplib/microlib/fpepilogue.c           0x00000000   Number         0  depilogue.o ABSOLUTE
    ../fplib/microlib/fpfix.c                0x00000000   Number         0  dfixul.o ABSOLUTE
    ../fplib/microlib/fpmul.c                0x00000000   Number         0  dmul.o ABSOLUTE
    ..\STM32F\src\stm32f30x_exti.c           0x00000000   Number         0  stm32f30x_exti.o ABSOLUTE
    ..\STM32F\src\stm32f30x_gpio.c           0x00000000   Number         0  stm32f30x_gpio.o ABSOLUTE
    ..\STM32F\src\stm32f30x_i2c.c            0x00000000   Number         0  stm32f30x_i2c.o ABSOLUTE
    ..\STM32F\src\stm32f30x_rcc.c            0x00000000   Number         0  stm32f30x_rcc.o ABSOLUTE
    ..\STM32F\src\stm32f30x_syscfg.c         0x00000000   Number         0  stm32f30x_syscfg.o ABSOLUTE
    ..\STM32F\src\stm32f3_discovery_lsm303dlhc.c 0x00000000   Number         0  stm32f3_discovery_lsm303dlhc.o ABSOLUTE
    ..\STM32F\src\system_stm32f30x.c         0x00000000   Number         0  system_stm32f30x.o ABSOLUTE
    ..\\STM32F\\src\\stm32f30x_exti.c        0x00000000   Number         0  stm32f30x_exti.o ABSOLUTE
    ..\\STM32F\\src\\stm32f30x_gpio.c        0x00000000   Number         0  stm32f30x_gpio.o ABSOLUTE
    ..\\STM32F\\src\\stm32f30x_i2c.c         0x00000000   Number         0  stm32f30x_i2c.o ABSOLUTE
    ..\\STM32F\\src\\stm32f30x_rcc.c         0x00000000   Number         0  stm32f30x_rcc.o ABSOLUTE
    ..\\STM32F\\src\\stm32f30x_syscfg.c      0x00000000   Number         0  stm32f30x_syscfg.o ABSOLUTE
    ..\\STM32F\\src\\stm32f3_discovery_lsm303dlhc.c 0x00000000   Number         0  stm32f3_discovery_lsm303dlhc.o ABSOLUTE
    ..\\STM32F\\src\\system_stm32f30x.c      0x00000000   Number         0  system_stm32f30x.o ABSOLUTE
    cdrcmple.s                               0x00000000   Number         0  cdrcmple.o ABSOLUTE
    cli.c                                    0x00000000   Number         0  cli.o ABSOLUTE
    cli.c                                    0x00000000   Number         0  cli.o ABSOLUTE
    dc.s                                     0x00000000   Number         0  dc.o ABSOLUTE
    handlers.s                               0x00000000   Number         0  handlers.o ABSOLUTE
    init.s                                   0x00000000   Number         0  init.o ABSOLUTE
    main.c                                   0x00000000   Number         0  main.o ABSOLUTE
    main.c                                   0x00000000   Number         0  main.o ABSOLUTE
    startup_stm32f30x.s                      0x00000000   Number         0  startup_stm32f30x.o ABSOLUTE
    stm32f3_Button.c                         0x00000000   Number         0  stm32f3_button.o ABSOLUTE
    stm32f3_Button.c                         0x00000000   Number         0  stm32f3_button.o ABSOLUTE
    stm32f3_DMA.c                            0x00000000   Number         0  stm32f3_dma.o ABSOLUTE
    stm32f3_DMA.c                            0x00000000   Number         0  stm32f3_dma.o ABSOLUTE
    stm32f3_Exec.c                           0x00000000   Number         0  stm32f3_exec.o ABSOLUTE
    stm32f3_Exec.c                           0x00000000   Number         0  stm32f3_exec.o ABSOLUTE
    stm32f3_Flash.c                          0x00000000   Number         0  stm32f3_flash.o ABSOLUTE
    stm32f3_Flash.c                          0x00000000   Number         0  stm32f3_flash.o ABSOLUTE
    stm32f3_GeneralTimer2.c                  0x00000000   Number         0  stm32f3_generaltimer2.o ABSOLUTE
    stm32f3_GeneralTimer2.c                  0x00000000   Number         0  stm32f3_generaltimer2.o ABSOLUTE
    stm32f3_LEDS.c                           0x00000000   Number         0  stm32f3_leds.o ABSOLUTE
    stm32f3_LEDS.c                           0x00000000   Number         0  stm32f3_leds.o ABSOLUTE
    stm32f3_Tools.c                          0x00000000   Number         0  stm32f3_tools.o ABSOLUTE
    stm32f3_Tools.c                          0x00000000   Number         0  stm32f3_tools.o ABSOLUTE
    stm32f3_UART.c                           0x00000000   Number         0  stm32f3_uart.o ABSOLUTE
    stm32f3_UART.c                           0x00000000   Number         0  stm32f3_uart.o ABSOLUTE
    stm32f3_Watchdog.c                       0x00000000   Number         0  stm32f3_watchdog.o ABSOLUTE
    stm32f3_Watchdog.c                       0x00000000   Number         0  stm32f3_watchdog.o ABSOLUTE
    stm32f3_discovery_board.c                0x00000000   Number         0  stm32f3_discovery_board.o ABSOLUTE
    stm32f3_discovery_board.c                0x00000000   Number         0  stm32f3_discovery_board.o ABSOLUTE
    RESET                                    0x08000000   Section      392  startup_stm32f30x.o(RESET)
    .ARM.Collect$$$$00000000                 0x08000188   Section        0  entry.o(.ARM.Collect$$$$00000000)
    .ARM.Collect$$$$00000001                 0x08000188   Section        4  entry2.o(.ARM.Collect$$$$00000001)
    .ARM.Collect$$$$00000004                 0x0800018c   Section        4  entry5.o(.ARM.Collect$$$$00000004)
    .ARM.Collect$$$$00000008                 0x08000190   Section        0  entry7b.o(.ARM.Collect$$$$00000008)
    .ARM.Collect$$$$0000000A                 0x08000190   Section        0  entry8b.o(.ARM.Collect$$$$0000000A)
    .ARM.Collect$$$$0000000B                 0x08000190   Section        8  entry9a.o(.ARM.Collect$$$$0000000B)
    .ARM.Collect$$$$0000000D                 0x08000198   Section        0  entry10a.o(.ARM.Collect$$$$0000000D)
    .ARM.Collect$$$$0000000F                 0x08000198   Section        0  entry11a.o(.ARM.Collect$$$$0000000F)
    .ARM.Collect$$$$00002712                 0x08000198   Section        4  entry2.o(.ARM.Collect$$$$00002712)
    __lit__00000000                          0x08000198   Data           4  entry2.o(.ARM.Collect$$$$00002712)
    .text                                    0x0800019c   Section       36  startup_stm32f30x.o(.text)
    $v0                                      0x0800019c   Number         0  startup_stm32f30x.o(.text)
    .text                                    0x080001c0   Section        0  cli.o(.text)
    memset                                   0x080001c1   Thumb Code    20  cli.o(.text)
    strncmp                                  0x080001d5   Thumb Code    34  cli.o(.text)
    strcpy                                   0x080001f7   Thumb Code    30  cli.o(.text)
    to_lower                                 0x08000215   Thumb Code    22  cli.o(.text)
    is_dec_num                               0x0800022b   Thumb Code    18  cli.o(.text)
    is_hex_num                               0x0800023d   Thumb Code    40  cli.o(.text)
    atoi                                     0x08000265   Thumb Code    26  cli.o(.text)
    str_2_long                               0x0800027f   Thumb Code    68  cli.o(.text)
    str_2_short                              0x080002c3   Thumb Code    68  cli.o(.text)
    cli_help                                 0x08000307   Thumb Code    92  cli.o(.text)
    cli_set_memory                           0x08000363   Thumb Code   120  cli.o(.text)
    cli_erase_flash                          0x080003db   Thumb Code    60  cli.o(.text)
    cli_watchdog_trigger                     0x08000417   Thumb Code    10  cli.o(.text)
    cli_memset                               0x08000421   Thumb Code   148  cli.o(.text)
    cli_memcopy                              0x080004b5   Thumb Code   164  cli.o(.text)
    cli_temperature                          0x08000559   Thumb Code    20  cli.o(.text)
    cli_get_memory                           0x0800056d   Thumb Code    60  cli.o(.text)
    cli_list_init                            0x0800060d   Thumb Code   162  cli.o(.text)
    .text                                    0x08000bdc   Section        0  main.o(.text)
    .text                                    0x08000c48   Section        0  stm32f3_button.o(.text)
    .text                                    0x08000cd8   Section        0  stm32f3_dma.o(.text)
    dma_ch                                   0x08000cf3   Thumb Code    78  stm32f3_dma.o(.text)
    NVIC_EnableIRQ                           0x08000e99   Thumb Code    24  stm32f3_dma.o(.text)
    NVIC_ClearPendingIRQ                     0x08000eb1   Thumb Code    18  stm32f3_dma.o(.text)
    .text                                    0x08000ed0   Section        0  stm32f3_exec.o(.text)
    .text                                    0x08000f74   Section        0  stm32f3_flash.o(.text)
    FlashUnlock                              0x08000f75   Thumb Code    26  stm32f3_flash.o(.text)
    Flashlock                                0x08000f8f   Thumb Code    14  stm32f3_flash.o(.text)
    .text                                    0x0800104c   Section        0  stm32f3_generaltimer2.o(.text)
    .text                                    0x08001124   Section        0  stm32f3_leds.o(.text)
    .text                                    0x08001210   Section        0  stm32f3_uart.o(.text)
    .text                                    0x08001330   Section        0  stm32f3_watchdog.o(.text)
    .text                                    0x08001400   Section        0  system_stm32f30x.o(.text)
    SetSysClock                              0x08001401   Thumb Code   186  system_stm32f30x.o(.text)
    .text                                    0x080015dc   Section        0  stm32f30x_exti.o(.text)
    .text                                    0x08001840   Section        0  stm32f30x_gpio.o(.text)
    .text                                    0x08001a34   Section        0  stm32f30x_i2c.o(.text)
    .text                                    0x08001e24   Section        0  stm32f30x_rcc.o(.text)
    .text                                    0x0800262c   Section        0  stm32f30x_syscfg.o(.text)
    .text                                    0x08002780   Section        0  stm32f3_discovery_lsm303dlhc.o(.text)
    LSM303DLHC_LowLevel_Init                 0x0800289d   Thumb Code   264  stm32f3_discovery_lsm303dlhc.o(.text)
    .text                                    0x08002d82   Section        0  stm32f3_discovery_board.o(.text)
    .text                                    0x08002db4   Section        0  uldiv.o(.text)
    .text                                    0x08002e18   Section       36  init.o(.text)
    .text                                    0x08002e3c   Section        0  llshl.o(.text)
    .text                                    0x08002e5a   Section        0  llushr.o(.text)
    i.__0printf$8                            0x08002e7c   Section        0  printf8.o(i.__0printf$8)
    i.__scatterload_copy                     0x08002e9c   Section       14  handlers.o(i.__scatterload_copy)
    i.__scatterload_null                     0x08002eaa   Section        2  handlers.o(i.__scatterload_null)
    i.__scatterload_zeroinit                 0x08002eac   Section       14  handlers.o(i.__scatterload_zeroinit)
    i._printf_core                           0x08002ebc   Section        0  printf8.o(i._printf_core)
    _printf_core                             0x08002ebd   Thumb Code   988  printf8.o(i._printf_core)
    i._printf_post_padding                   0x080032c4   Section        0  printf8.o(i._printf_post_padding)
    _printf_post_padding                     0x080032c5   Thumb Code    38  printf8.o(i._printf_post_padding)
    i._printf_pre_padding                    0x080032ea   Section        0  printf8.o(i._printf_pre_padding)
    _printf_pre_padding                      0x080032eb   Thumb Code    48  printf8.o(i._printf_pre_padding)
    .data                                    0x20000000   Section        8  cli.o(.data)
    new_char                                 0x20000000   Data           1  cli.o(.data)
    cli_index                                0x20000004   Data           4  cli.o(.data)
    .data                                    0x20000008   Section        4  stm32f3_exec.o(.data)
    ExecTaskFlag                             0x20000008   Data           4  stm32f3_exec.o(.data)
    .data                                    0x2000000c   Section        8  stm32f3_watchdog.o(.data)
    count                                    0x2000000c   Data           4  stm32f3_watchdog.o(.data)
    refresh                                  0x20000010   Data           4  stm32f3_watchdog.o(.data)
    .data                                    0x20000014   Section       20  system_stm32f30x.o(.data)
    .data                                    0x20000028   Section       42  stm32f30x_rcc.o(.data)
    APBAHBPrescTable                         0x20000028   Data          16  stm32f30x_rcc.o(.data)
    ADCPrescTable                            0x20000038   Data          26  stm32f30x_rcc.o(.data)
    .data                                    0x20000054   Section        4  stm32f3_discovery_lsm303dlhc.o(.data)
    .data                                    0x20000058   Section        4  stdout.o(.data)
    .bss                                     0x2000005c   Section     3392  cli.o(.bss)
    cli_string_buffer                        0x2000005c   Data          32  cli.o(.bss)
    cli_string                               0x2000007c   Data          32  cli.o(.bss)
    cmd_cli_list                             0x2000009c   Data        3328  cli.o(.bss)
    .bss                                     0x20000d9c   Section      128  stm32f3_exec.o(.bss)
    ExecTaskList                             0x20000d9c   Data         128  stm32f3_exec.o(.bss)
    STACK                                    0x20000e20   Section     1024  startup_stm32f30x.o(STACK)

    Global Symbols

    Symbol Name                              Value     Ov Type        Size  Object(Section)

    BuildAttributes$$THM_ISAv4$E$P$D$K$B$S$7EM$VFPi3$EXTD16$VFPS$VFMA$PE$A:L22UL41UL21$X:L11$S22US41US21$IEEE1$IW$USESV6$~STKCKD$USESV7$~SHL$OSPACE$ROPI$EBA8$MICROLIB$REQ8$PRES8$EABIv2 0x00000000   Number         0  anon$$obj.o ABSOLUTE
    __ARM_use_no_argv                        0x00000000   Number         0  main.o ABSOLUTE
    _printf_a                                0x00000000   Number         0  stubs.o ABSOLUTE
    _printf_c                                0x00000000   Number         0  stubs.o ABSOLUTE
    _printf_charcount                        0x00000000   Number         0  stubs.o ABSOLUTE
    _printf_d                                0x00000000   Number         0  stubs.o ABSOLUTE
    _printf_e                                0x00000000   Number         0  stubs.o ABSOLUTE
    _printf_f                                0x00000000   Number         0  stubs.o ABSOLUTE
    _printf_flags                            0x00000000   Number         0  stubs.o ABSOLUTE
    _printf_fp_dec                           0x00000000   Number         0  stubs.o ABSOLUTE
    _printf_fp_hex                           0x00000000   Number         0  stubs.o ABSOLUTE
    _printf_g                                0x00000000   Number         0  stubs.o ABSOLUTE
    _printf_i                                0x00000000   Number         0  stubs.o ABSOLUTE
    _printf_int_dec                          0x00000000   Number         0  stubs.o ABSOLUTE
    _printf_l                                0x00000000   Number         0  stubs.o ABSOLUTE
    _printf_lc                               0x00000000   Number         0  stubs.o ABSOLUTE
    _printf_ll                               0x00000000   Number         0  stubs.o ABSOLUTE
    _printf_lld                              0x00000000   Number         0  stubs.o ABSOLUTE
    _printf_lli                              0x00000000   Number         0  stubs.o ABSOLUTE
    _printf_llo                              0x00000000   Number         0  stubs.o ABSOLUTE
    _printf_llu                              0x00000000   Number         0  stubs.o ABSOLUTE
    _printf_llx                              0x00000000   Number         0  stubs.o ABSOLUTE
    _printf_longlong_dec                     0x00000000   Number         0  stubs.o ABSOLUTE
    _printf_longlong_hex                     0x00000000   Number         0  stubs.o ABSOLUTE
    _printf_longlong_oct                     0x00000000   Number         0  stubs.o ABSOLUTE
    _printf_ls                               0x00000000   Number         0  stubs.o ABSOLUTE
    _printf_mbtowc                           0x00000000   Number         0  stubs.o ABSOLUTE
    _printf_n                                0x00000000   Number         0  stubs.o ABSOLUTE
    _printf_o                                0x00000000   Number         0  stubs.o ABSOLUTE
    _printf_p                                0x00000000   Number         0  stubs.o ABSOLUTE
    _printf_percent                          0x00000000   Number         0  stubs.o ABSOLUTE
    _printf_pre_padding                      0x00000000   Number         0  stubs.o ABSOLUTE
    _printf_return_value                     0x00000000   Number         0  stubs.o ABSOLUTE
    _printf_s                                0x00000000   Number         0  stubs.o ABSOLUTE
    _printf_sizespec                         0x00000000   Number         0  stubs.o ABSOLUTE
    _printf_str                              0x00000000   Number         0  stubs.o ABSOLUTE
    _printf_truncate_signed                  0x00000000   Number         0  stubs.o ABSOLUTE
    _printf_truncate_unsigned                0x00000000   Number         0  stubs.o ABSOLUTE
    _printf_u                                0x00000000   Number         0  stubs.o ABSOLUTE
    _printf_wc                               0x00000000   Number         0  stubs.o ABSOLUTE
    _printf_wctomb                           0x00000000   Number         0  stubs.o ABSOLUTE
    _printf_widthprec                        0x00000000   Number         0  stubs.o ABSOLUTE
    _printf_x                                0x00000000   Number         0  stubs.o ABSOLUTE
    __cpp_initialize__aeabi_                  - Undefined Weak Reference
    __cxa_finalize                            - Undefined Weak Reference
    __decompress                              - Undefined Weak Reference
    _clock_init                               - Undefined Weak Reference
    _microlib_exit                            - Undefined Weak Reference
    __Vectors_Size                           0x00000188   Number         0  startup_stm32f30x.o ABSOLUTE
    __Vectors                                0x08000000   Data           4  startup_stm32f30x.o(RESET)
    __Vectors_End                            0x08000188   Data           0  startup_stm32f30x.o(RESET)
    __main                                   0x08000189   Thumb Code     0  entry.o(.ARM.Collect$$$$00000000)
    _main_stk                                0x08000189   Thumb Code     0  entry2.o(.ARM.Collect$$$$00000001)
    _main_scatterload                        0x0800018d   Thumb Code     0  entry5.o(.ARM.Collect$$$$00000004)
    __main_after_scatterload                 0x08000191   Thumb Code     0  entry5.o(.ARM.Collect$$$$00000004)
    _main_clock                              0x08000191   Thumb Code     0  entry7b.o(.ARM.Collect$$$$00000008)
    _main_cpp_init                           0x08000191   Thumb Code     0  entry8b.o(.ARM.Collect$$$$0000000A)
    _main_init                               0x08000191   Thumb Code     0  entry9a.o(.ARM.Collect$$$$0000000B)
    __rt_final_cpp                           0x08000199   Thumb Code     0  entry10a.o(.ARM.Collect$$$$0000000D)
    __rt_final_exit                          0x08000199   Thumb Code     0  entry11a.o(.ARM.Collect$$$$0000000F)
    Reset_Handler                            0x0800019d   Thumb Code     8  startup_stm32f30x.o(.text)
    NMI_Handler                              0x080001a5   Thumb Code     2  startup_stm32f30x.o(.text)
    HardFault_Handler                        0x080001a7   Thumb Code     2  startup_stm32f30x.o(.text)
    MemManage_Handler                        0x080001a9   Thumb Code     2  startup_stm32f30x.o(.text)
    BusFault_Handler                         0x080001ab   Thumb Code     2  startup_stm32f30x.o(.text)
    UsageFault_Handler                       0x080001ad   Thumb Code     2  startup_stm32f30x.o(.text)
    SVC_Handler                              0x080001af   Thumb Code     2  startup_stm32f30x.o(.text)
    DebugMon_Handler                         0x080001b1   Thumb Code     2  startup_stm32f30x.o(.text)
    PendSV_Handler                           0x080001b3   Thumb Code     2  startup_stm32f30x.o(.text)
    SysTick_Handler                          0x080001b5   Thumb Code     2  startup_stm32f30x.o(.text)
    ADC1_2_IRQHandler                        0x080001b7   Thumb Code     0  startup_stm32f30x.o(.text)
    ADC3_IRQHandler                          0x080001b7   Thumb Code     0  startup_stm32f30x.o(.text)
    ADC4_IRQHandler                          0x080001b7   Thumb Code     0  startup_stm32f30x.o(.text)
    CAN1_RX1_IRQHandler                      0x080001b7   Thumb Code     0  startup_stm32f30x.o(.text)
    CAN1_SCE_IRQHandler                      0x080001b7   Thumb Code     0  startup_stm32f30x.o(.text)
    COMP1_2_3_IRQHandler                     0x080001b7   Thumb Code     0  startup_stm32f30x.o(.text)
    COMP4_5_6_IRQHandler                     0x080001b7   Thumb Code     0  startup_stm32f30x.o(.text)
    COMP7_IRQHandler                         0x080001b7   Thumb Code     0  startup_stm32f30x.o(.text)
    DMA2_Channel1_IRQHandler                 0x080001b7   Thumb Code     0  startup_stm32f30x.o(.text)
    DMA2_Channel2_IRQHandler                 0x080001b7   Thumb Code     0  startup_stm32f30x.o(.text)
    DMA2_Channel3_IRQHandler                 0x080001b7   Thumb Code     0  startup_stm32f30x.o(.text)
    DMA2_Channel4_IRQHandler                 0x080001b7   Thumb Code     0  startup_stm32f30x.o(.text)
    DMA2_Channel5_IRQHandler                 0x080001b7   Thumb Code     0  startup_stm32f30x.o(.text)
    EXTI15_10_IRQHandler                     0x080001b7   Thumb Code     0  startup_stm32f30x.o(.text)
    EXTI1_IRQHandler                         0x080001b7   Thumb Code     0  startup_stm32f30x.o(.text)
    EXTI2_TS_IRQHandler                      0x080001b7   Thumb Code     0  startup_stm32f30x.o(.text)
    EXTI3_IRQHandler                         0x080001b7   Thumb Code     0  startup_stm32f30x.o(.text)
    EXTI4_IRQHandler                         0x080001b7   Thumb Code     0  startup_stm32f30x.o(.text)
    EXTI9_5_IRQHandler                       0x080001b7   Thumb Code     0  startup_stm32f30x.o(.text)
    FLASH_IRQHandler                         0x080001b7   Thumb Code     0  startup_stm32f30x.o(.text)
    FPU_IRQHandler                           0x080001b7   Thumb Code     0  startup_stm32f30x.o(.text)
    I2C1_ER_IRQHandler                       0x080001b7   Thumb Code     0  startup_stm32f30x.o(.text)
    I2C1_EV_IRQHandler                       0x080001b7   Thumb Code     0  startup_stm32f30x.o(.text)
    I2C2_ER_IRQHandler                       0x080001b7   Thumb Code     0  startup_stm32f30x.o(.text)
    I2C2_EV_IRQHandler                       0x080001b7   Thumb Code     0  startup_stm32f30x.o(.text)
    PVD_IRQHandler                           0x080001b7   Thumb Code     0  startup_stm32f30x.o(.text)
    RCC_IRQHandler                           0x080001b7   Thumb Code     0  startup_stm32f30x.o(.text)
    RTC_Alarm_IRQHandler                     0x080001b7   Thumb Code     0  startup_stm32f30x.o(.text)
    RTC_WKUP_IRQHandler                      0x080001b7   Thumb Code     0  startup_stm32f30x.o(.text)
    SPI1_IRQHandler                          0x080001b7   Thumb Code     0  startup_stm32f30x.o(.text)
    SPI2_IRQHandler                          0x080001b7   Thumb Code     0  startup_stm32f30x.o(.text)
    SPI3_IRQHandler                          0x080001b7   Thumb Code     0  startup_stm32f30x.o(.text)
    TAMPER_STAMP_IRQHandler                  0x080001b7   Thumb Code     0  startup_stm32f30x.o(.text)
    TIM1_BRK_TIM15_IRQHandler                0x080001b7   Thumb Code     0  startup_stm32f30x.o(.text)
    TIM1_CC_IRQHandler                       0x080001b7   Thumb Code     0  startup_stm32f30x.o(.text)
    TIM1_TRG_COM_TIM17_IRQHandler            0x080001b7   Thumb Code     0  startup_stm32f30x.o(.text)
    TIM1_UP_TIM16_IRQHandler                 0x080001b7   Thumb Code     0  startup_stm32f30x.o(.text)
    TIM3_IRQHandler                          0x080001b7   Thumb Code     0  startup_stm32f30x.o(.text)
    TIM4_IRQHandler                          0x080001b7   Thumb Code     0  startup_stm32f30x.o(.text)
    TIM6_DAC_IRQHandler                      0x080001b7   Thumb Code     0  startup_stm32f30x.o(.text)
    TIM7_IRQHandler                          0x080001b7   Thumb Code     0  startup_stm32f30x.o(.text)
    TIM8_BRK_IRQHandler                      0x080001b7   Thumb Code     0  startup_stm32f30x.o(.text)
    TIM8_CC_IRQHandler                       0x080001b7   Thumb Code     0  startup_stm32f30x.o(.text)
    TIM8_TRG_COM_IRQHandler                  0x080001b7   Thumb Code     0  startup_stm32f30x.o(.text)
    TIM8_UP_IRQHandler                       0x080001b7   Thumb Code     0  startup_stm32f30x.o(.text)
    UART4_IRQHandler                         0x080001b7   Thumb Code     0  startup_stm32f30x.o(.text)
    UART5_IRQHandler                         0x080001b7   Thumb Code     0  startup_stm32f30x.o(.text)
    USART1_IRQHandler                        0x080001b7   Thumb Code     0  startup_stm32f30x.o(.text)
    USART3_IRQHandler                        0x080001b7   Thumb Code     0  startup_stm32f30x.o(.text)
    USBWakeUp_IRQHandler                     0x080001b7   Thumb Code     0  startup_stm32f30x.o(.text)
    USBWakeUp_RMP_IRQHandler                 0x080001b7   Thumb Code     0  startup_stm32f30x.o(.text)
    USB_HP_CAN1_TX_IRQHandler                0x080001b7   Thumb Code     0  startup_stm32f30x.o(.text)
    USB_HP_IRQHandler                        0x080001b7   Thumb Code     0  startup_stm32f30x.o(.text)
    USB_LP_CAN1_RX0_IRQHandler               0x080001b7   Thumb Code     0  startup_stm32f30x.o(.text)
    USB_LP_IRQHandler                        0x080001b7   Thumb Code     0  startup_stm32f30x.o(.text)
    WWDG_IRQHandler                          0x080001b7   Thumb Code     0  startup_stm32f30x.o(.text)
    cli_dump_memory                          0x080005a9   Thumb Code   100  cli.o(.text)
    CLI_AddByte                              0x080006af   Thumb Code   344  cli.o(.text)
    CLI_Init                                 0x08000807   Thumb Code   286  cli.o(.text)
    CLI_ProcessCommand                       0x08000925   Thumb Code   152  cli.o(.text)
    main                                     0x08000bdd   Thumb Code    74  main.o(.text)
    Button_Init                              0x08000c49   Thumb Code    64  stm32f3_button.o(.text)
    Button_Shutdown                          0x08000c89   Thumb Code    14  stm32f3_button.o(.text)
    Button_Task                              0x08000c97   Thumb Code    12  stm32f3_button.o(.text)
    EXTI0_IRQHandler                         0x08000ca3   Thumb Code    42  stm32f3_button.o(.text)
    DMA_Start                                0x08000cd9   Thumb Code    26  stm32f3_dma.o(.text)
    DMA_MemCopy                              0x08000d41   Thumb Code    60  stm32f3_dma.o(.text)
    DMA_MemSet                               0x08000d7d   Thumb Code    60  stm32f3_dma.o(.text)
    DMA1_Channel1_IRQHandler                 0x08000db9   Thumb Code    32  stm32f3_dma.o(.text)
    DMA1_Channel2_IRQHandler                 0x08000dd9   Thumb Code    32  stm32f3_dma.o(.text)
    DMA1_Channel3_IRQHandler                 0x08000df9   Thumb Code    32  stm32f3_dma.o(.text)
    DMA1_Channel4_IRQHandler                 0x08000e19   Thumb Code    32  stm32f3_dma.o(.text)
    DMA1_Channel5_IRQHandler                 0x08000e39   Thumb Code    32  stm32f3_dma.o(.text)
    DMA1_Channel6_IRQHandler                 0x08000e59   Thumb Code    32  stm32f3_dma.o(.text)
    DMA1_Channel7_IRQHandler                 0x08000e79   Thumb Code    32  stm32f3_dma.o(.text)
    Exec_Init                                0x08000ed1   Thumb Code    48  stm32f3_exec.o(.text)
    Exec_ClearTask                           0x08000f01   Thumb Code    12  stm32f3_exec.o(.text)
    Exec_Start                               0x08000f0d   Thumb Code    62  stm32f3_exec.o(.text)
    Exec_SetTask                             0x08000f4b   Thumb Code    12  stm32f3_exec.o(.text)
    FlashWrite16                             0x08000f9d   Thumb Code    70  stm32f3_flash.o(.text)
    FlashErasePage                           0x08000fe3   Thumb Code    92  stm32f3_flash.o(.text)
    TIM2_IRQHandler                          0x0800104d   Thumb Code    34  stm32f3_generaltimer2.o(.text)
    TIM2_Init                                0x0800106f   Thumb Code   112  stm32f3_generaltimer2.o(.text)
    TIM2_Shutdown                            0x080010df   Thumb Code    40  stm32f3_generaltimer2.o(.text)
    TIM2_Task                                0x08001107   Thumb Code    12  stm32f3_generaltimer2.o(.text)
    LEDS_Init                                0x08001125   Thumb Code    96  stm32f3_leds.o(.text)
    LEDS_Shutdown                            0x08001185   Thumb Code    96  stm32f3_leds.o(.text)
    LEDS_On                                  0x080011e5   Thumb Code    12  stm32f3_leds.o(.text)
    LEDS_Off                                 0x080011f1   Thumb Code    12  stm32f3_leds.o(.text)
    LEDS_Toggle                              0x080011fd   Thumb Code    12  stm32f3_leds.o(.text)
    UART_Init                                0x08001211   Thumb Code   192  stm32f3_uart.o(.text)
    UART_Shutdown                            0x080012d1   Thumb Code    14  stm32f3_uart.o(.text)
    USART2_IRQHandler                        0x080012df   Thumb Code    46  stm32f3_uart.o(.text)
    fputc                                    0x0800130d   Thumb Code    24  stm32f3_uart.o(.text)
    Watchdog_Pet                             0x08001331   Thumb Code    18  stm32f3_watchdog.o(.text)
    Watchdog_Init                            0x08001343   Thumb Code   100  stm32f3_watchdog.o(.text)
    Watchdog_POR                             0x080013a7   Thumb Code    30  stm32f3_watchdog.o(.text)
    Watchdog_wait                            0x080013c5   Thumb Code    30  stm32f3_watchdog.o(.text)
    Watchdog_Trigger                         0x080013e3   Thumb Code    10  stm32f3_watchdog.o(.text)
    SystemInit                               0x080014bb   Thumb Code   112  system_stm32f30x.o(.text)
    SystemCoreClockUpdate                    0x0800152b   Thumb Code   138  system_stm32f30x.o(.text)
    EXTI_DeInit                              0x080015dd   Thumb Code    68  stm32f30x_exti.o(.text)
    EXTI_Init                                0x08001621   Thumb Code   340  stm32f30x_exti.o(.text)
    EXTI_StructInit                          0x08001775   Thumb Code    16  stm32f30x_exti.o(.text)
    EXTI_GenerateSWInterrupt                 0x08001785   Thumb Code    36  stm32f30x_exti.o(.text)
    EXTI_GetFlagStatus                       0x080017a9   Thumb Code    38  stm32f30x_exti.o(.text)
    EXTI_ClearFlag                           0x080017cf   Thumb Code    22  stm32f30x_exti.o(.text)
    EXTI_GetITStatus                         0x080017e5   Thumb Code    64  stm32f30x_exti.o(.text)
    EXTI_ClearITPendingBit                   0x08001825   Thumb Code    22  stm32f30x_exti.o(.text)
    GPIO_DeInit                              0x08001841   Thumb Code   154  stm32f30x_gpio.o(.text)
    GPIO_Init                                0x080018db   Thumb Code   144  stm32f30x_gpio.o(.text)
    GPIO_StructInit                          0x0800196b   Thumb Code    22  stm32f30x_gpio.o(.text)
    GPIO_PinLockConfig                       0x08001981   Thumb Code    18  stm32f30x_gpio.o(.text)
    GPIO_ReadInputDataBit                    0x08001993   Thumb Code    18  stm32f30x_gpio.o(.text)
    GPIO_ReadInputData                       0x080019a5   Thumb Code     6  stm32f30x_gpio.o(.text)
    GPIO_ReadOutputDataBit                   0x080019ab   Thumb Code    18  stm32f30x_gpio.o(.text)
    GPIO_ReadOutputData                      0x080019bd   Thumb Code     6  stm32f30x_gpio.o(.text)
    GPIO_SetBits                             0x080019c3   Thumb Code     4  stm32f30x_gpio.o(.text)
    GPIO_ResetBits                           0x080019c7   Thumb Code     4  stm32f30x_gpio.o(.text)
    GPIO_WriteBit                            0x080019cb   Thumb Code    10  stm32f30x_gpio.o(.text)
    GPIO_Write                               0x080019d5   Thumb Code     4  stm32f30x_gpio.o(.text)
    GPIO_PinAFConfig                         0x080019d9   Thumb Code    70  stm32f30x_gpio.o(.text)
    I2C_DeInit                               0x08001a35   Thumb Code    50  stm32f30x_i2c.o(.text)
    I2C_Init                                 0x08001a67   Thumb Code    94  stm32f30x_i2c.o(.text)
    I2C_StructInit                           0x08001ac5   Thumb Code    24  stm32f30x_i2c.o(.text)
    I2C_Cmd                                  0x08001add   Thumb Code    22  stm32f30x_i2c.o(.text)
    I2C_SoftwareResetCmd                     0x08001af3   Thumb Code    20  stm32f30x_i2c.o(.text)
    I2C_ITConfig                             0x08001b07   Thumb Code    18  stm32f30x_i2c.o(.text)
    I2C_StretchClockCmd                      0x08001b19   Thumb Code    22  stm32f30x_i2c.o(.text)
    I2C_StopModeCmd                          0x08001b2f   Thumb Code    22  stm32f30x_i2c.o(.text)
    I2C_DualAddressCmd                       0x08001b45   Thumb Code    22  stm32f30x_i2c.o(.text)
    I2C_OwnAddress2Config                    0x08001b5b   Thumb Code    34  stm32f30x_i2c.o(.text)
    I2C_GeneralCallCmd                       0x08001b7d   Thumb Code    22  stm32f30x_i2c.o(.text)
    I2C_SlaveByteControlCmd                  0x08001b93   Thumb Code    22  stm32f30x_i2c.o(.text)
    I2C_SlaveAddressConfig                   0x08001ba9   Thumb Code    20  stm32f30x_i2c.o(.text)
    I2C_10BitAddressingModeCmd               0x08001bbd   Thumb Code    22  stm32f30x_i2c.o(.text)
    I2C_AutoEndCmd                           0x08001bd3   Thumb Code    22  stm32f30x_i2c.o(.text)
    I2C_ReloadCmd                            0x08001be9   Thumb Code    22  stm32f30x_i2c.o(.text)
    I2C_NumberOfBytesConfig                  0x08001bff   Thumb Code    24  stm32f30x_i2c.o(.text)
    I2C_MasterRequestConfig                  0x08001c17   Thumb Code    22  stm32f30x_i2c.o(.text)
    I2C_GenerateSTART                        0x08001c2d   Thumb Code    22  stm32f30x_i2c.o(.text)
    I2C_GenerateSTOP                         0x08001c43   Thumb Code    22  stm32f30x_i2c.o(.text)
    I2C_10BitAddressHeaderCmd                0x08001c59   Thumb Code    22  stm32f30x_i2c.o(.text)
    I2C_AcknowledgeConfig                    0x08001c6f   Thumb Code    22  stm32f30x_i2c.o(.text)
    I2C_GetAddressMatched                    0x08001c85   Thumb Code    12  stm32f30x_i2c.o(.text)
    I2C_GetTransferDirection                 0x08001c91   Thumb Code    22  stm32f30x_i2c.o(.text)
    I2C_TransferHandling                     0x08001ca7   Thumb Code    38  stm32f30x_i2c.o(.text)
    I2C_SMBusAlertCmd                        0x08001ccd   Thumb Code    22  stm32f30x_i2c.o(.text)
    I2C_ClockTimeoutCmd                      0x08001ce3   Thumb Code    22  stm32f30x_i2c.o(.text)
    I2C_ExtendedClockTimeoutCmd              0x08001cf9   Thumb Code    22  stm32f30x_i2c.o(.text)
    I2C_IdleClockTimeoutCmd                  0x08001d0f   Thumb Code    22  stm32f30x_i2c.o(.text)
    I2C_TimeoutAConfig                       0x08001d25   Thumb Code    20  stm32f30x_i2c.o(.text)
    I2C_TimeoutBConfig                       0x08001d39   Thumb Code    22  stm32f30x_i2c.o(.text)
    I2C_CalculatePEC                         0x08001d4f   Thumb Code    22  stm32f30x_i2c.o(.text)
    I2C_PECRequestCmd                        0x08001d65   Thumb Code    22  stm32f30x_i2c.o(.text)
    I2C_GetPEC                               0x08001d7b   Thumb Code     8  stm32f30x_i2c.o(.text)
    I2C_ReadRegister                         0x08001d83   Thumb Code    22  stm32f30x_i2c.o(.text)
    I2C_SendData                             0x08001d99   Thumb Code     4  stm32f30x_i2c.o(.text)
    I2C_ReceiveData                          0x08001d9d   Thumb Code     8  stm32f30x_i2c.o(.text)
    I2C_DMACmd                               0x08001da5   Thumb Code    18  stm32f30x_i2c.o(.text)
    I2C_GetFlagStatus                        0x08001db7   Thumb Code    22  stm32f30x_i2c.o(.text)
    I2C_ClearFlag                            0x08001dcd   Thumb Code     4  stm32f30x_i2c.o(.text)
    I2C_GetITStatus                          0x08001dd1   Thumb Code    60  stm32f30x_i2c.o(.text)
    I2C_ClearITPendingBit                    0x08001e0d   Thumb Code     4  stm32f30x_i2c.o(.text)
    RCC_DeInit                               0x08001e25   Thumb Code    84  stm32f30x_rcc.o(.text)
    RCC_HSEConfig                            0x08001e79   Thumb Code    12  stm32f30x_rcc.o(.text)
    RCC_GetFlagStatus                        0x08001e85   Thumb Code    64  stm32f30x_rcc.o(.text)
    RCC_WaitForHSEStartUp                    0x08001ec5   Thumb Code    56  stm32f30x_rcc.o(.text)
    RCC_AdjustHSICalibrationValue            0x08001efd   Thumb Code    20  stm32f30x_rcc.o(.text)
    RCC_HSICmd                               0x08001f11   Thumb Code     6  stm32f30x_rcc.o(.text)
    RCC_LSEConfig                            0x08001f17   Thumb Code    32  stm32f30x_rcc.o(.text)
    RCC_LSEDriveConfig                       0x08001f37   Thumb Code    22  stm32f30x_rcc.o(.text)
    RCC_LSICmd                               0x08001f4d   Thumb Code     6  stm32f30x_rcc.o(.text)
    RCC_PLLConfig                            0x08001f53   Thumb Code    28  stm32f30x_rcc.o(.text)
    RCC_PLLCmd                               0x08001f6f   Thumb Code     6  stm32f30x_rcc.o(.text)
    RCC_PREDIV1Config                        0x08001f75   Thumb Code    18  stm32f30x_rcc.o(.text)
    RCC_ClockSecuritySystemCmd               0x08001f87   Thumb Code     6  stm32f30x_rcc.o(.text)
    RCC_MCOConfig                            0x08001f8d   Thumb Code     6  stm32f30x_rcc.o(.text)
    RCC_SYSCLKConfig                         0x08001f93   Thumb Code    18  stm32f30x_rcc.o(.text)
    RCC_GetSYSCLKSource                      0x08001fa5   Thumb Code    10  stm32f30x_rcc.o(.text)
    RCC_HCLKConfig                           0x08001faf   Thumb Code    18  stm32f30x_rcc.o(.text)
    RCC_PCLK1Config                          0x08001fc1   Thumb Code    18  stm32f30x_rcc.o(.text)
    RCC_PCLK2Config                          0x08001fd3   Thumb Code    20  stm32f30x_rcc.o(.text)
    RCC_GetClocksFreq                        0x08001fe7   Thumb Code  1088  stm32f30x_rcc.o(.text)
    RCC_ADCCLKConfig                         0x08002427   Thumb Code    44  stm32f30x_rcc.o(.text)
    RCC_I2CCLKConfig                         0x08002453   Thumb Code    44  stm32f30x_rcc.o(.text)
    RCC_TIMCLKConfig                         0x0800247f   Thumb Code    44  stm32f30x_rcc.o(.text)
    RCC_USARTCLKConfig                       0x080024ab   Thumb Code   104  stm32f30x_rcc.o(.text)
    RCC_USBCLKConfig                         0x08002513   Thumb Code     6  stm32f30x_rcc.o(.text)
    RCC_RTCCLKConfig                         0x08002519   Thumb Code    12  stm32f30x_rcc.o(.text)
    RCC_I2SCLKConfig                         0x08002525   Thumb Code     6  stm32f30x_rcc.o(.text)
    RCC_RTCCLKCmd                            0x0800252b   Thumb Code     6  stm32f30x_rcc.o(.text)
    RCC_BackupResetCmd                       0x08002531   Thumb Code     8  stm32f30x_rcc.o(.text)
    RCC_AHBPeriphClockCmd                    0x08002539   Thumb Code    26  stm32f30x_rcc.o(.text)
    RCC_APB2PeriphClockCmd                   0x08002553   Thumb Code    26  stm32f30x_rcc.o(.text)
    RCC_APB1PeriphClockCmd                   0x0800256d   Thumb Code    26  stm32f30x_rcc.o(.text)
    RCC_AHBPeriphResetCmd                    0x08002587   Thumb Code    26  stm32f30x_rcc.o(.text)
    RCC_APB2PeriphResetCmd                   0x080025a1   Thumb Code    26  stm32f30x_rcc.o(.text)
    RCC_APB1PeriphResetCmd                   0x080025bb   Thumb Code    26  stm32f30x_rcc.o(.text)
    RCC_ITConfig                             0x080025d5   Thumb Code    26  stm32f30x_rcc.o(.text)
    RCC_ClearFlag                            0x080025ef   Thumb Code    14  stm32f30x_rcc.o(.text)
    RCC_GetITStatus                          0x080025fd   Thumb Code    20  stm32f30x_rcc.o(.text)
    RCC_ClearITPendingBit                    0x08002611   Thumb Code     6  stm32f30x_rcc.o(.text)
    SYSCFG_DeInit                            0x0800262d   Thumb Code    46  stm32f30x_syscfg.o(.text)
    SYSCFG_MemoryRemapConfig                 0x0800265b   Thumb Code    18  stm32f30x_syscfg.o(.text)
    SYSCFG_DMAChannelRemapConfig             0x0800266d   Thumb Code    26  stm32f30x_syscfg.o(.text)
    SYSCFG_TriggerRemapConfig                0x08002687   Thumb Code    26  stm32f30x_syscfg.o(.text)
    SYSCFG_EncoderRemapConfig                0x080026a1   Thumb Code    22  stm32f30x_syscfg.o(.text)
    SYSCFG_USBInterruptLineRemapCmd          0x080026b7   Thumb Code     6  stm32f30x_syscfg.o(.text)
    SYSCFG_I2CFastModePlusConfig             0x080026bd   Thumb Code    26  stm32f30x_syscfg.o(.text)
    SYSCFG_ITConfig                          0x080026d7   Thumb Code    26  stm32f30x_syscfg.o(.text)
    SYSCFG_EXTILineConfig                    0x080026f1   Thumb Code    66  stm32f30x_syscfg.o(.text)
    SYSCFG_BreakConfig                       0x08002733   Thumb Code    12  stm32f30x_syscfg.o(.text)
    SYSCFG_BypassParityCheckDisable          0x0800273f   Thumb Code     8  stm32f30x_syscfg.o(.text)
    SYSCFG_SRAMWRPEnable                     0x08002747   Thumb Code    12  stm32f30x_syscfg.o(.text)
    SYSCFG_GetFlagStatus                     0x08002753   Thumb Code    22  stm32f30x_syscfg.o(.text)
    SYSCFG_ClearFlag                         0x08002769   Thumb Code    12  stm32f30x_syscfg.o(.text)
    LSM303DLHC_Write                         0x08002781   Thumb Code   284  stm32f3_discovery_lsm303dlhc.o(.text)
    LSM303DLHC_AccInit                       0x080029a5   Thumb Code    76  stm32f3_discovery_lsm303dlhc.o(.text)
    LSM303DLHC_Read                          0x080029f1   Thumb Code   308  stm32f3_discovery_lsm303dlhc.o(.text)
    LSM303DLHC_AccRebootCmd                  0x08002b25   Thumb Code    36  stm32f3_discovery_lsm303dlhc.o(.text)
    LSM303DLHC_AccFilterConfig               0x08002b49   Thumb Code    80  stm32f3_discovery_lsm303dlhc.o(.text)
    LSM303DLHC_AccFilterCmd                  0x08002b99   Thumb Code    46  stm32f3_discovery_lsm303dlhc.o(.text)
    LSM303DLHC_AccFilterClickCmd             0x08002bc7   Thumb Code    46  stm32f3_discovery_lsm303dlhc.o(.text)
    LSM303DLHC_AccIT1Config                  0x08002bf5   Thumb Code    60  stm32f3_discovery_lsm303dlhc.o(.text)
    LSM303DLHC_AccIT2Config                  0x08002c31   Thumb Code    60  stm32f3_discovery_lsm303dlhc.o(.text)
    LSM303DLHC_AccINT1InterruptConfig        0x08002c6d   Thumb Code    54  stm32f3_discovery_lsm303dlhc.o(.text)
    LSM303DLHC_AccINT2InterruptConfig        0x08002ca3   Thumb Code    54  stm32f3_discovery_lsm303dlhc.o(.text)
    LSM303DLHC_AccClickITConfig              0x08002cd9   Thumb Code    48  stm32f3_discovery_lsm303dlhc.o(.text)
    LSM303DLHC_AccGetDataStatus              0x08002d09   Thumb Code    20  stm32f3_discovery_lsm303dlhc.o(.text)
    LSM303DLHC_MagInit                       0x08002d1d   Thumb Code    82  stm32f3_discovery_lsm303dlhc.o(.text)
    LSM303DLHC_MagGetDataStatus              0x08002d6f   Thumb Code    20  stm32f3_discovery_lsm303dlhc.o(.text)
    Get_temperature                          0x08002d83   Thumb Code    46  stm32f3_discovery_board.o(.text)
    LSM303DLHC_TIMEOUT_UserCallback          0x08002db1   Thumb Code     4  stm32f3_discovery_board.o(.text)
    __aeabi_uldivmod                         0x08002db5   Thumb Code    98  uldiv.o(.text)
    __scatterload                            0x08002e19   Thumb Code    28  init.o(.text)
    __scatterload_rt2                        0x08002e19   Thumb Code     0  init.o(.text)
    __aeabi_llsl                             0x08002e3d   Thumb Code    30  llshl.o(.text)
    _ll_shift_l                              0x08002e3d   Thumb Code     0  llshl.o(.text)
    __aeabi_llsr                             0x08002e5b   Thumb Code    32  llushr.o(.text)
    _ll_ushift_r                             0x08002e5b   Thumb Code     0  llushr.o(.text)
    __0printf$8                              0x08002e7d   Thumb Code    22  printf8.o(i.__0printf$8)
    __1printf$8                              0x08002e7d   Thumb Code     0  printf8.o(i.__0printf$8)
    __2printf                                0x08002e7d   Thumb Code     0  printf8.o(i.__0printf$8)
    __scatterload_copy                       0x08002e9d   Thumb Code    14  handlers.o(i.__scatterload_copy)
    __scatterload_null                       0x08002eab   Thumb Code     2  handlers.o(i.__scatterload_null)
    __scatterload_zeroinit                   0x08002ead   Thumb Code    14  handlers.o(i.__scatterload_zeroinit)
    Region$$Table$$Base                      0x0800331c   Number         0  anon$$obj.o(Region$$Table)
    Region$$Table$$Limit                     0x0800333c   Number         0  anon$$obj.o(Region$$Table)
    SystemCoreClock                          0x20000014   Data           4  system_stm32f30x.o(.data)
    AHBPrescTable                            0x20000018   Data          16  system_stm32f30x.o(.data)
    LSM303DLHC_Timeout                       0x20000054   Data           4  stm32f3_discovery_lsm303dlhc.o(.data)
    __stdout                                 0x20000058   Data           4  stdout.o(.data)
    __initial_sp                             0x20001220   Data           0  startup_stm32f30x.o(STACK)



==============================================================================

Memory Map of the image

  Image Entry point : 0x0800019d

  Load Region LR_1 (Base: 0x08000000, Size: 0x00003398, Max: 0xffffffff, ABSOLUTE)

    Execution Region ER_RO (Base: 0x08000000, Size: 0x0000333c, Max: 0xffffffff, ABSOLUTE)

    Base Addr    Size         Type   Attr      Idx    E Section Name        Object

    0x08000000   0x00000188   Data   RO            3    RESET               startup_stm32f30x.o
    0x08000188   0x00000000   Code   RO          549  * .ARM.Collect$$$$00000000  mc_w.l(entry.o)
    0x08000188   0x00000004   Code   RO          813    .ARM.Collect$$$$00000001  mc_w.l(entry2.o)
    0x0800018c   0x00000004   Code   RO          816    .ARM.Collect$$$$00000004  mc_w.l(entry5.o)
    0x08000190   0x00000000   Code   RO          818    .ARM.Collect$$$$00000008  mc_w.l(entry7b.o)
    0x08000190   0x00000000   Code   RO          820    .ARM.Collect$$$$0000000A  mc_w.l(entry8b.o)
    0x08000190   0x00000008   Code   RO          821    .ARM.Collect$$$$0000000B  mc_w.l(entry9a.o)
    0x08000198   0x00000000   Code   RO          823    .ARM.Collect$$$$0000000D  mc_w.l(entry10a.o)
    0x08000198   0x00000000   Code   RO          825    .ARM.Collect$$$$0000000F  mc_w.l(entry11a.o)
    0x08000198   0x00000004   Code   RO          814    .ARM.Collect$$$$00002712  mc_w.l(entry2.o)
    0x0800019c   0x00000024   Code   RO            4  * .text               startup_stm32f30x.o
    0x080001c0   0x00000a1c   Code   RO           12    .text               cli.o
    0x08000bdc   0x0000006c   Code   RO          150    .text               main.o
    0x08000c48   0x00000090   Code   RO          188    .text               stm32f3_button.o
    0x08000cd8   0x000001f8   Code   RO          212    .text               stm32f3_dma.o
    0x08000ed0   0x000000a4   Code   RO          232    .text               stm32f3_exec.o
    0x08000f74   0x000000d8   Code   RO          255    .text               stm32f3_flash.o
    0x0800104c   0x000000d8   Code   RO          275    .text               stm32f3_generaltimer2.o
    0x08001124   0x000000ec   Code   RO          295    .text               stm32f3_leds.o
    0x08001210   0x00000120   Code   RO          338    .text               stm32f3_uart.o
    0x08001330   0x000000d0   Code   RO          358    .text               stm32f3_watchdog.o
    0x08001400   0x000001dc   Code   RO          380    .text               system_stm32f30x.o
    0x080015dc   0x00000264   Code   RO          406    .text               stm32f30x_exti.o
    0x08001840   0x000001f4   Code   RO          426    .text               stm32f30x_gpio.o
    0x08001a34   0x000003f0   Code   RO          446    .text               stm32f30x_i2c.o
    0x08001e24   0x00000808   Code   RO          466    .text               stm32f30x_rcc.o
    0x0800262c   0x00000154   Code   RO          488    .text               stm32f30x_syscfg.o
    0x08002780   0x00000602   Code   RO          508    .text               stm32f3_discovery_lsm303dlhc.o
    0x08002d82   0x00000032   Code   RO          531    .text               stm32f3_discovery_board.o
    0x08002db4   0x00000062   Code   RO          830    .text               mc_w.l(uldiv.o)
    0x08002e16   0x00000002   PAD
    0x08002e18   0x00000024   Code   RO          843    .text               mc_w.l(init.o)
    0x08002e3c   0x0000001e   Code   RO          845    .text               mc_w.l(llshl.o)
    0x08002e5a   0x00000020   Code   RO          847    .text               mc_w.l(llushr.o)
    0x08002e7a   0x00000002   PAD
    0x08002e7c   0x00000020   Code   RO          759    i.__0printf$8       mc_w.l(printf8.o)
    0x08002e9c   0x0000000e   Code   RO          855    i.__scatterload_copy  mc_w.l(handlers.o)
    0x08002eaa   0x00000002   Code   RO          856    i.__scatterload_null  mc_w.l(handlers.o)
    0x08002eac   0x0000000e   Code   RO          857    i.__scatterload_zeroinit  mc_w.l(handlers.o)
    0x08002eba   0x00000002   PAD
    0x08002ebc   0x00000408   Code   RO          766    i._printf_core      mc_w.l(printf8.o)
    0x080032c4   0x00000026   Code   RO          767    i._printf_post_padding  mc_w.l(printf8.o)
    0x080032ea   0x00000030   Code   RO          768    i._printf_pre_padding  mc_w.l(printf8.o)
    0x0800331a   0x00000002   PAD
    0x0800331c   0x00000020   Data   RO          853    Region$$Table       anon$$obj.o


    Execution Region ER_RW (Base: 0x20000000, Size: 0x0000005c, Max: 0xffffffff, ABSOLUTE)

    Base Addr    Size         Type   Attr      Idx    E Section Name        Object

    0x20000000   0x00000008   Data   RW           14    .data               cli.o
    0x20000008   0x00000004   Data   RW          234    .data               stm32f3_exec.o
    0x2000000c   0x00000008   Data   RW          359    .data               stm32f3_watchdog.o
    0x20000014   0x00000014   Data   RW          381    .data               system_stm32f30x.o
    0x20000028   0x0000002a   Data   RW          467    .data               stm32f30x_rcc.o
    0x20000052   0x00000002   PAD
    0x20000054   0x00000004   Data   RW          509    .data               stm32f3_discovery_lsm303dlhc.o
    0x20000058   0x00000004   Data   RW          827    .data               mc_w.l(stdout.o)


    Execution Region ER_ZI (Base: 0x2000005c, Size: 0x000011c4, Max: 0xffffffff, ABSOLUTE)

    Base Addr    Size         Type   Attr      Idx    E Section Name        Object

    0x2000005c   0x00000d40   Zero   RW           13    .bss                cli.o
    0x20000d9c   0x00000080   Zero   RW          233    .bss                stm32f3_exec.o
    0x20000e1c   0x00000004   PAD
    0x20000e20   0x00000400   Zero   RW            1    STACK               startup_stm32f30x.o


==============================================================================

Image component sizes


      Code (inc. data)   RO Data    RW Data    ZI Data      Debug   Object Name

      2588        788          0          8       3392     231842   cli.o
       108         34          0          0          0       9891   main.o
        36          8        392          0       1024        792   startup_stm32f30x.o
       612          6          0          0          0       2239   stm32f30x_exti.o
       500         22          0          0          0       3757   stm32f30x_gpio.o
      1008         20          0          0          0       9726   stm32f30x_i2c.o
      2056         68          0         42          0       9881   stm32f30x_rcc.o
       340         12          0          0          0       3131   stm32f30x_syscfg.o
       144         12          0          0          0      26318   stm32f3_button.o
        50          0          0          0          0        790   stm32f3_discovery_board.o
      1538         20          0          4          0       5562   stm32f3_discovery_lsm303dlhc.o
       504         14          0          0          0       2918   stm32f3_dma.o
       164         30          0          4        128       1399   stm32f3_exec.o
       216         14          0          0          0       1062   stm32f3_flash.o
       216         18          0          0          0       1160   stm32f3_generaltimer2.o
       236          8          0          0          0       1027   stm32f3_leds.o
       288         12          0          0          0       1230   stm32f3_uart.o
       208         20          0          8          0       1569   stm32f3_watchdog.o
       476         40          0         20          0       1699   system_stm32f30x.o

    ----------------------------------------------------------------------
     11288       1146        424         88       4548     315993   Object Totals
         0          0         32          0          0          0   (incl. Generated)
         0          0          0          2          4          0   (incl. Padding)

    ----------------------------------------------------------------------

      Code (inc. data)   RO Data    RW Data    ZI Data      Debug   Library Member Name

         0          0          0          0          0          0   entry.o
         0          0          0          0          0          0   entry10a.o
         0          0          0          0          0          0   entry11a.o
         8          4          0          0          0          0   entry2.o
         4          0          0          0          0          0   entry5.o
         0          0          0          0          0          0   entry7b.o
         0          0          0          0          0          0   entry8b.o
         8          4          0          0          0          0   entry9a.o
        30          0          0          0          0          0   handlers.o
        36          8          0          0          0         68   init.o
        30          0          0          0          0         68   llshl.o
        32          0          0          0          0         68   llushr.o
      1150         54          0          0          0        352   printf8.o
         0          0          0          4          0          0   stdout.o
        98          0          0          0          0         92   uldiv.o

    ----------------------------------------------------------------------
      1404         70          0          4          0        648   Library Totals
         8          0          0          0          0          0   (incl. Padding)

    ----------------------------------------------------------------------

      Code (inc. data)   RO Data    RW Data    ZI Data      Debug   Library Name

      1396         70          0          4          0        648   mc_w.l

    ----------------------------------------------------------------------
      1404         70          0          4          0        648   Library Totals

    ----------------------------------------------------------------------

==============================================================================


      Code (inc. data)   RO Data    RW Data    ZI Data      Debug   

     12692       1216        424         92       4548     312681   Grand Totals
     12692       1216        424         92       4548     312681   ELF Image Totals
     12692       1216        424         92          0          0   ROM Totals

==============================================================================

    Total RO  Size (Code + RO Data)                13116 (  12.81kB)
    Total RW  Size (RW Data + ZI Data)              4640 (   4.53kB)
    Total ROM Size (Code + RO Data + RW Data)      13208 (  12.90kB)

==============================================================================

