<html>
<body>
<pre>
<h1>µVision Build Log</h1>
<h2>Project:</h2>
D:\EmbeddedSoftwareLab\EmbeddedSoftware\Lab10\lab10.uvproj
Project File Date:  03/17/2019

<h2>Output:</h2>
Rebuild target 'Target 1'
assembling startup_stm32f30x.s...
compiling cli.c...
compiling main.c...
compiling stm32f3_Button.c...
compiling stm32f3_DMA.c...
compiling stm32f3_Exec.c...
compiling stm32f3_Flash.c...
compiling stm32f3_GeneralTimer2.c...
compiling stm32f3_LEDS.c...
compiling stm32f3_Tools.c...
compiling stm32f3_UART.c...
compiling stm32f3_Watchdog.c...
compiling system_stm32f30x.c...
compiling stm32f30x_exti.c...
compiling stm32f30x_gpio.c...
compiling stm32f30x_i2c.c...
compiling stm32f30x_rcc.c...
compiling stm32f30x_syscfg.c...
compiling stm32f3_discovery_lsm303dlhc.c...
compiling stm32f3_discovery_board.c...
linking...
Program Size: Code=12692 RO-data=424 RW-data=92 ZI-data=4548  
".\lab10.axf" - 0 Error(s), 0 Warning(s).
Load "D:\\EmbeddedSoftwareLab\\EmbeddedSoftware\\Lab10\\lab10.axf" 
Erase Done.
Programming Done.
Verify OK.
E(EXTI_Line));
..\STM32F\src\stm32f30x_exti.c(289): warning:  #223-D: function "assert_param" declared implicitly
    assert_param(IS_EXTI_LINE_EXT(EXTI_Line));
..\STM32F\src\stm32f30x_exti.c(306): warning:  #223-D: function "assert_param" declared implicitly
    assert_param(IS_GET_EXTI_LINE(EXTI_Line));
..\STM32F\src\stm32f30x_exti.c(331): warning:  #223-D: function "assert_param" declared implicitly
    assert_param(IS_EXTI_LINE_EXT(EXTI_Line));
..\STM32F\src\stm32f30x_exti.c: 6 warnings, 0 errors
compiling stm32f30x_gpio.c...
..\STM32F\src\stm32f30x_gpio.c(124): warning:  #223-D: function "assert_param" declared implicitly
    assert_param(IS_GPIO_ALL_PERIPH(GPIOx));
..\STM32F\src\stm32f30x_gpio.c(179): warning:  #223-D: function "assert_param" declared implicitly
    assert_param(IS_GPIO_ALL_PERIPH(GPIOx));
..\STM32F\src\stm32f30x_gpio.c(255): warning:  #223-D: function "assert_param" declared implicitly
    assert_param(IS_GPIO_LIST_PERIPH(GPIOx));
..\STM32F\src\stm32f30x_gpio.c(301): warning:  #223-D: function "assert_param" declared implicitly
    assert_param(IS_GPIO_ALL_PERIPH(GPIOx));
..\STM32F\src\stm32f30x_gpio.c(323): warning:  #223-D: function "assert_param" declared implicitly
    assert_param(IS_GPIO_ALL_PERIPH(GPIOx));
..\STM32F\src\stm32f30x_gpio.c(342): warning:  #223-D: function "assert_param" declared implicitly
    assert_param(IS_GPIO_ALL_PERIPH(GPIOx));
..\STM32F\src\stm32f30x_gpio.c(364): warning:  #223-D: function "assert_param" declared implicitly
    assert_param(IS_GPIO_ALL_PERIPH(GPIOx));
..\STM32F\src\stm32f30x_gpio.c(381): warning:  #223-D: function "assert_param" declared implicitly
    assert_param(IS_GPIO_ALL_PERIPH(GPIOx));
..\STM32F\src\stm32f30x_gpio.c(399): warning:  #223-D: function "assert_param" declared implicitly
    assert_param(IS_GPIO_ALL_PERIPH(GPIOx));
..\STM32F\src\stm32f30x_gpio.c(421): warning:  #223-D: function "assert_param" declared implicitly
    assert_param(IS_GPIO_ALL_PERIPH(GPIOx));
..\STM32F\src\stm32f30x_gpio.c(445): warning:  #223-D: function "assert_param" declared implicitly
    assert_param(IS_GPIO_ALL_PERIPH(GPIOx));
..\STM32F\src\stm32f30x_gpio.c(504): warning:  #223-D: function "assert_param" declared implicitly
    assert_param(IS_GPIO_ALL_PERIPH(GPIOx));
..\STM32F\src\stm32f30x_gpio.c: 12 warnings, 0 errors
compiling stm32f30x_i2c.c...
..\STM32F\src\stm32f30x_i2c.c(148): warning:  #223-D: function "assert_param" declared implicitly
    assert_param(IS_I2C_ALL_PERIPH(I2Cx));
..\STM32F\src\stm32f30x_i2c.c(179): warning:  #223-D: function "assert_param" declared implicitly
    assert_param(IS_I2C_ALL_PERIPH(I2Cx));
..\STM32F\src\stm32f30x_i2c.c(282): warning:  #223-D: function "assert_param" declared implicitly
    assert_param(IS_I2C_ALL_PERIPH(I2Cx));
..\STM32F\src\stm32f30x_i2c.c(305): warning:  #223-D: function "assert_param" declared implicitly
    assert_param(IS_I2C_ALL_PERIPH(I2Cx));
..\STM32F\src\stm32f30x_i2c.c(337): warning:  #223-D: function "assert_param" declared implicitly
    assert_param(IS_I2C_ALL_PERIPH(I2Cx));
..\STM32F\src\stm32f30x_i2c.c(363): warning:  #223-D: function "assert_param" declared implicitly
    assert_param(IS_I2C_ALL_PERIPH(I2Cx));
..\STM32F\src\stm32f30x_i2c.c(388): warning:  #223-D: function "assert_param" declared implicitly
    assert_param(IS_I2C_ALL_PERIPH(I2Cx));
..\STM32F\src\stm32f30x_i2c.c(413): warning:  #223-D: function "assert_param" declared implicitly
    assert_param(IS_I2C_ALL_PERIPH(I2Cx));
..\STM32F\src\stm32f30x_i2c.c(449): warning:  #223-D: function "assert_param" declared implicitly
    assert_param(IS_I2C_ALL_PERIPH(I2Cx));
..\STM32F\src\stm32f30x_i2c.c(477): warning:  #223-D: function "assert_param" declared implicitly
    assert_param(IS_I2C_ALL_PERIPH(I2Cx));
..\STM32F\src\stm32f30x_i2c.c(502): warning:  #223-D: function "assert_param" declared implicitly
    assert_param(IS_I2C_ALL_PERIPH(I2Cx));
..\STM32F\src\stm32f30x_i2c.c(529): warning:  #223-D: function "assert_param" declared implicitly
    assert_param(IS_I2C_ALL_PERIPH(I2Cx));
..\STM32F\src\stm32f30x_i2c.c(556): warning:  #223-D: function "assert_param" declared implicitly
    assert_param(IS_I2C_ALL_PERIPH(I2Cx));
..\STM32F\src\stm32f30x_i2c.c(621): warning:  #223-D: function "assert_param" declared implicitly
    assert_param(IS_I2C_ALL_PERIPH(I2Cx));
..\STM32F\src\stm32f30x_i2c.c(646): warning:  #223-D: function "assert_param" declared implicitly
    assert_param(IS_I2C_ALL_PERIPH(I2Cx));
..\STM32F\src\stm32f30x_i2c.c(672): warning:  #223-D: function "assert_param" declared implicitly
    assert_param(IS_I2C_ALL_PERIPH(I2Cx));
..\STM32F\src\stm32f30x_i2c.c(699): warning:  #223-D: function "assert_param" declared implicitly
    assert_param(IS_I2C_ALL_PERIPH(I2Cx));
..\STM32F\src\stm32f30x_i2c.c(725): warning:  #223-D: function "assert_param" declared implicitly
    assert_param(IS_I2C_ALL_PERIPH(I2Cx));
..\STM32F\src\stm32f30x_i2c.c(750): warning:  #223-D: function "assert_param" declared implicitly
    assert_param(IS_I2C_ALL_PERIPH(I2Cx));
..\STM32F\src\stm32f30x_i2c.c(777): warning:  #223-D: function "assert_param" declared implicitly
    assert_param(IS_I2C_ALL_PERIPH(I2Cx));
..\STM32F\src\stm32f30x_i2c.c(802): warning:  #223-D: function "assert_param" declared implicitly
    assert_param(IS_I2C_ALL_PERIPH(I2Cx));
..\STM32F\src\stm32f30x_i2c.c(825): warning:  #223-D: function "assert_param" declared implicitly
    assert_param(IS_I2C_ALL_PERIPH(I2Cx));
..\STM32F\src\stm32f30x_i2c.c(842): warning:  #223-D: function "assert_param" declared implicitly
    assert_param(IS_I2C_ALL_PERIPH(I2Cx));
..\STM32F\src\stm32f30x_i2c.c(885): warning:  #223-D: function "assert_param" declared implicitly
    assert_param(IS_I2C_ALL_PERIPH(I2Cx));
..\STM32F\src\stm32f30x_i2c.c(954): warning:  #223-D: function "assert_param" declared implicitly
    assert_param(IS_I2C_ALL_PERIPH(I2Cx));
..\STM32F\src\stm32f30x_i2c.c(979): warning:  #223-D: function "assert_param" declared implicitly
    assert_param(IS_I2C_ALL_PERIPH(I2Cx));
..\STM32F\src\stm32f30x_i2c.c(1004): warning:  #223-D: function "assert_param" declared implicitly
    assert_param(IS_I2C_ALL_PERIPH(I2Cx));
..\STM32F\src\stm32f30x_i2c.c(1030): warning:  #223-D: function "assert_param" declared implicitly
    assert_param(IS_I2C_ALL_PERIPH(I2Cx));
..\STM32F\src\stm32f30x_i2c.c(1057): warning:  #223-D: function "assert_param" declared implicitly
    assert_param(IS_I2C_ALL_PERIPH(I2Cx));
..\STM32F\src\stm32f30x_i2c.c(1084): warning:  #223-D: function "assert_param" declared implicitly
    assert_param(IS_I2C_ALL_PERIPH(I2Cx));
..\STM32F\src\stm32f30x_i2c.c(1110): warning:  #223-D: function "assert_param" declared implicitly
    assert_param(IS_I2C_ALL_PERIPH(I2Cx));
..\STM32F\src\stm32f30x_i2c.c(1135): warning:  #223-D: function "assert_param" declared implicitly
    assert_param(IS_I2C_ALL_PERIPH(I2Cx));
..\STM32F\src\stm32f30x_i2c.c(1158): warning:  #223-D: function "assert_param" declared implicitly
    assert_param(IS_I2C_ALL_PERIPH(I2Cx));
..\STM32F\src\stm32f30x_i2c.c(1206): warning:  #223-D: function "assert_param" declared implicitly
    assert_param(IS_I2C_ALL_PERIPH(I2Cx));
..\STM32F\src\stm32f30x_i2c.c(1247): warning:  #223-D: function "assert_param" declared implicitly
    assert_param(IS_I2C_ALL_PERIPH(I2Cx));
..\STM32F\src\stm32f30x_i2c.c(1261): warning:  #223-D: function "assert_param" declared implicitly
    assert_param(IS_I2C_ALL_PERIPH(I2Cx));
..\STM32F\src\stm32f30x_i2c.c(1304): warning:  #223-D: function "assert_param" declared implicitly
    assert_param(IS_I2C_ALL_PERIPH(I2Cx));
..\STM32F\src\stm32f30x_i2c.c(1427): warning:  #223-D: function "assert_param" declared implicitly
    assert_param(IS_I2C_ALL_PERIPH(I2Cx));
..\STM32F\src\stm32f30x_i2c.c(1468): warning:  #223-D: function "assert_param" declared implicitly
    assert_param(IS_I2C_ALL_PERIPH(I2Cx));
..\STM32F\src\stm32f30x_i2c.c(1502): warning:  #223-D: function "assert_param" declared implicitly
    assert_param(IS_I2C_ALL_PERIPH(I2Cx));
..\STM32F\src\stm32f30x_i2c.c(1562): warning:  #223-D: function "assert_param" declared implicitly
    assert_param(IS_I2C_ALL_PERIPH(I2Cx));
..\STM32F\src\stm32f30x_i2c.c: 41 warnings, 0 errors
compiling stm32f30x_rcc.c...
..\STM32F\src\stm32f30x_rcc.c(239): warning:  #223-D: function "assert_param" declared implicitly
    assert_param(IS_RCC_HSE(RCC_HSE));
..\STM32F\src\stm32f30x_rcc.c(300): warning:  #223-D: function "assert_param" declared implicitly
    assert_param(IS_RCC_HSI_CALIBRATION_VALUE(HSICalibrationValue));
..\STM32F\src\stm32f30x_rcc.c(332): warning:  #223-D: function "assert_param" declared implicitly
    assert_param(IS_FUNCTIONAL_STATE(NewState));
..\STM32F\src\stm32f30x_rcc.c(357): warning:  #223-D: function "assert_param" declared implicitly
    assert_param(IS_RCC_LSE(RCC_LSE));
..\STM32F\src\stm32f30x_rcc.c(383): warning:  #223-D: function "assert_param" declared implicitly
    assert_param(IS_RCC_LSE_DRIVE(RCC_LSEDrive));
..\STM32F\src\stm32f30x_rcc.c(407): warning:  #223-D: function "assert_param" declared implicitly
    assert_param(IS_FUNCTIONAL_STATE(NewState));
..\STM32F\src\stm32f30x_rcc.c(430): warning:  #223-D: function "assert_param" declared implicitly
    assert_param(IS_RCC_PLL_SOURCE(RCC_PLLSource));
..\STM32F\src\stm32f30x_rcc.c(454): warning:  #223-D: function "assert_param" declared implicitly
    assert_param(IS_FUNCTIONAL_STATE(NewState));
..\STM32F\src\stm32f30x_rcc.c(471): warning:  #223-D: function "assert_param" declared implicitly
    assert_param(IS_RCC_PREDIV1(RCC_PREDIV1_Div));
..\STM32F\src\stm32f30x_rcc.c(498): warning:  #223-D: function "assert_param" declared implicitly
    assert_param(IS_FUNCTIONAL_STATE(NewState));
..\STM32F\src\stm32f30x_rcc.c(521): warning:  #223-D: function "assert_param" declared implicitly
    assert_param(IS_RCC_MCO_SOURCE(RCC_MCOSource));
..\STM32F\src\stm32f30x_rcc.c(629): warning:  #223-D: function "assert_param" declared implicitly
    assert_param(IS_RCC_SYSCLK_SOURCE(RCC_SYSCLKSource));
..\STM32F\src\stm32f30x_rcc.c(682): warning:  #223-D: function "assert_param" declared implicitly
    assert_param(IS_RCC_HCLK(RCC_SYSCLK));
..\STM32F\src\stm32f30x_rcc.c(713): warning:  #223-D: function "assert_param" declared implicitly
    assert_param(IS_RCC_PCLK(RCC_HCLK));
..\STM32F\src\stm32f30x_rcc.c(743): warning:  #223-D: function "assert_param" declared implicitly
    assert_param(IS_RCC_PCLK(RCC_HCLK));
..\STM32F\src\stm32f30x_rcc.c(1111): warning:  #223-D: function "assert_param" declared implicitly
    assert_param(IS_RCC_ADCCLK(RCC_PLLCLK));
..\STM32F\src\stm32f30x_rcc.c(1144): warning:  #223-D: function "assert_param" declared implicitly
    assert_param(IS_RCC_I2CCLK(RCC_I2CCLK));
..\STM32F\src\stm32f30x_rcc.c(1180): warning:  #223-D: function "assert_param" declared implicitly
    assert_param(IS_RCC_TIMCLK(RCC_TIMCLK));
..\STM32F\src\stm32f30x_rcc.c(1214): warning:  #223-D: function "assert_param" declared implicitly
    assert_param(IS_RCC_USARTCLK(RCC_USARTCLK));
..\STM32F\src\stm32f30x_rcc.c(1257): warning:  #223-D: function "assert_param" declared implicitly
    assert_param(IS_RCC_USBCLK_SOURCE(RCC_USBCLKSource));
..\STM32F\src\stm32f30x_rcc.c(1288): warning:  #223-D: function "assert_param" declared implicitly
    assert_param(IS_RCC_RTCCLK_SOURCE(RCC_RTCCLKSource));
..\STM32F\src\stm32f30x_rcc.c(1307): warning:  #223-D: function "assert_param" declared implicitly
    assert_param(IS_RCC_I2SCLK_SOURCE(RCC_I2SCLKSource));
..\STM32F\src\stm32f30x_rcc.c(1323): warning:  #223-D: function "assert_param" declared implicitly
    assert_param(IS_FUNCTIONAL_STATE(NewState));
..\STM32F\src\stm32f30x_rcc.c(1339): warning:  #223-D: function "assert_param" declared implicitly
    assert_param(IS_FUNCTIONAL_STATE(NewState));
..\STM32F\src\stm32f30x_rcc.c(1372): warning:  #223-D: function "assert_param" declared implicitly
    assert_param(IS_RCC_AHB_PERIPH(RCC_AHBPeriph));
..\STM32F\src\stm32f30x_rcc.c(1407): warning:  #223-D: function "assert_param" declared implicitly
    assert_param(IS_RCC_APB2_PERIPH(RCC_APB2Periph));
..\STM32F\src\stm32f30x_rcc.c(1452): warning:  #223-D: function "assert_param" declared implicitly
    assert_param(IS_RCC_APB1_PERIPH(RCC_APB1Periph));
..\STM32F\src\stm32f30x_rcc.c(1485): warning:  #223-D: function "assert_param" declared implicitly
    assert_param(IS_RCC_AHB_RST_PERIPH(RCC_AHBPeriph));
..\STM32F\src\stm32f30x_rcc.c(1517): warning:  #223-D: function "assert_param" declared implicitly
    assert_param(IS_RCC_APB2_PERIPH(RCC_APB2Periph));
..\STM32F\src\stm32f30x_rcc.c(1559): warning:  #223-D: function "assert_param" declared implicitly
    assert_param(IS_RCC_APB1_PERIPH(RCC_APB1Periph));
..\STM32F\src\stm32f30x_rcc.c(1610): warning:  #223-D: function "assert_param" declared implicitly
    assert_param(IS_RCC_IT(RCC_IT));
..\STM32F\src\stm32f30x_rcc.c(1651): warning:  #223-D: function "assert_param" declared implicitly
    assert_param(IS_RCC_FLAG(RCC_FLAG));
..\STM32F\src\stm32f30x_rcc.c(1718): warning:  #223-D: function "assert_param" declared implicitly
    assert_param(IS_RCC_GET_IT(RCC_IT));
..\STM32F\src\stm32f30x_rcc.c(1748): warning:  #223-D: function "assert_param" declared implicitly
    assert_param(IS_RCC_CLEAR_IT(RCC_IT));
..\STM32F\src\stm32f30x_rcc.c: 34 warnings, 0 errors
compiling stm32f30x_syscfg.c...
..\STM32F\src\stm32f30x_syscfg.c(139): warning:  #223-D: function "assert_param" declared implicitly
    assert_param(IS_SYSCFG_MEMORY_REMAP(SYSCFG_MemoryRemap));
..\STM32F\src\stm32f30x_syscfg.c(178): warning:  #223-D: function "assert_param" declared implicitly
    assert_param(IS_SYSCFG_DMA_REMAP(SYSCFG_DMARemap));
..\STM32F\src\stm32f30x_syscfg.c(208): warning:  #223-D: function "assert_param" declared implicitly
    assert_param(IS_SYSCFG_TRIGGER_REMAP(SYSCFG_TriggerRemap));
..\STM32F\src\stm32f30x_syscfg.c(238): warning:  #223-D: function "assert_param" declared implicitly
    assert_param(IS_SYSCFG_ENCODER_REMAP(SYSCFG_EncoderRemap));
..\STM32F\src\stm32f30x_syscfg.c(264): warning:  #223-D: function "assert_param" declared implicitly
    assert_param(IS_FUNCTIONAL_STATE(NewState));
..\STM32F\src\stm32f30x_syscfg.c(296): warning:  #223-D: function "assert_param" declared implicitly
    assert_param(IS_SYSCFG_I2C_FMP(SYSCFG_I2CFastModePlus));
..\STM32F\src\stm32f30x_syscfg.c(328): warning:  #223-D: function "assert_param" declared implicitly
    assert_param(IS_FUNCTIONAL_STATE(NewState));
..\STM32F\src\stm32f30x_syscfg.c(356): warning:  #223-D: function "assert_param" declared implicitly
    assert_param(IS_EXTI_PORT_SOURCE(EXTI_PortSourceGPIOx));
..\STM32F\src\stm32f30x_syscfg.c(378): warning:  #223-D: function "assert_param" declared implicitly
    assert_param(IS_SYSCFG_LOCK_CONFIG(SYSCFG_Break));
..\STM32F\src\stm32f30x_syscfg.c(406): warning:  #223-D: function "assert_param" declared implicitly
    assert_param(IS_SYSCFG_PAGE(SYSCFG_SRAMWRP));
..\STM32F\src\stm32f30x_syscfg.c(424): warning:  #223-D: function "assert_param" declared implicitly
    assert_param(IS_SYSCFG_FLAG(SYSCFG_Flag));
..\STM32F\src\stm32f30x_syscfg.c(451): warning:  #223-D: function "assert_param" declared implicitly
    assert_param(IS_SYSCFG_FLAG(SYSCFG_Flag));
..\STM32F\src\stm32f30x_syscfg.c: 12 warnings, 0 errors
compiling stm32f3_discovery_lsm303dlhc.c...
..\STM32F\src\stm32f3_discovery_lsm303dlhc.c(436): warning:  #223-D: function "I2C_GetFlagStatus" declared implicitly
    while(I2C_GetFlagStatus(LSM303DLHC_I2C, I2C_ISR_BUSY) != RESET)
..\STM32F\src\stm32f3_discovery_lsm303dlhc.c(442): warning:  #223-D: function "I2C_TransferHandling" declared implicitly
    I2C_TransferHandling(LSM303DLHC_I2C, DeviceAddr, 1, I2C_Reload_Mode, I2C_Generate_Start_Write);
..\STM32F\src\stm32f3_discovery_lsm303dlhc.c(442): error:  #20: identifier "I2C_Reload_Mode" is undefined
    I2C_TransferHandling(LSM303DLHC_I2C, DeviceAddr, 1, I2C_Reload_Mode, I2C_Generate_Start_Write);
..\STM32F\src\stm32f3_discovery_lsm303dlhc.c(442): error:  #20: identifier "I2C_Generate_Start_Write" is undefined
    I2C_TransferHandling(LSM303DLHC_I2C, DeviceAddr, 1, I2C_Reload_Mode, I2C_Generate_Start_Write);
..\STM32F\src\stm32f3_discovery_lsm303dlhc.c(452): warning:  #223-D: function "I2C_SendData" declared implicitly
    I2C_SendData(LSM303DLHC_I2C, (uint8_t) RegAddr);
..\STM32F\src\stm32f3_discovery_lsm303dlhc.c(462): error:  #20: identifier "I2C_AutoEnd_Mode" is undefined
    I2C_TransferHandling(LSM303DLHC_I2C, DeviceAddr, 1, I2C_AutoEnd_Mode, I2C_No_StartStop);
..\STM32F\src\stm32f3_discovery_lsm303dlhc.c(462): error:  #20: identifier "I2C_No_StartStop" is undefined
    I2C_TransferHandling(LSM303DLHC_I2C, DeviceAddr, 1, I2C_AutoEnd_Mode, I2C_No_StartStop);
..\STM32F\src\stm32f3_discovery_lsm303dlhc.c(482): warning:  #223-D: function "I2C_ClearFlag" declared implicitly
    I2C_ClearFlag(LSM303DLHC_I2C, I2C_ICR_STOPCF);
..\STM32F\src\stm32f3_discovery_lsm303dlhc.c(499): warning:  #223-D: function "I2C_GetFlagStatus" declared implicitly
    while(I2C_GetFlagStatus(LSM303DLHC_I2C, I2C_ISR_BUSY) != RESET)
..\STM32F\src\stm32f3_discovery_lsm303dlhc.c(505): warning:  #223-D: function "I2C_TransferHandling" declared implicitly
    I2C_TransferHandling(LSM303DLHC_I2C, DeviceAddr, 1, I2C_SoftEnd_Mode, I2C_Generate_Start_Write);
..\STM32F\src\stm32f3_discovery_lsm303dlhc.c(505): error:  #20: identifier "I2C_SoftEnd_Mode" is undefined
    I2C_TransferHandling(LSM303DLHC_I2C, DeviceAddr, 1, I2C_SoftEnd_Mode, I2C_Generate_Start_Write);
..\STM32F\src\stm32f3_discovery_lsm303dlhc.c(505): error:  #20: identifier "I2C_Generate_Start_Write" is undefined
    I2C_TransferHandling(LSM303DLHC_I2C, DeviceAddr, 1, I2C_SoftEnd_Mode, I2C_Generate_Start_Write);
..\STM32F\src\stm32f3_discovery_lsm303dlhc.c(519): warning:  #223-D: function "I2C_SendData" declared implicitly
    I2C_SendData(LSM303DLHC_I2C, (uint8_t)RegAddr);
..\STM32F\src\stm32f3_discovery_lsm303dlhc.c(529): error:  #20: identifier "I2C_AutoEnd_Mode" is undefined
    I2C_TransferHandling(LSM303DLHC_I2C, DeviceAddr, NumByteToRead, I2C_AutoEnd_Mode, I2C_Generate_Start_Read);
..\STM32F\src\stm32f3_discovery_lsm303dlhc.c(529): error:  #20: identifier "I2C_Generate_Start_Read" is undefined
    I2C_TransferHandling(LSM303DLHC_I2C, DeviceAddr, NumByteToRead, I2C_AutoEnd_Mode, I2C_Generate_Start_Read);
..\STM32F\src\stm32f3_discovery_lsm303dlhc.c(542): warning:  #223-D: function "I2C_ReceiveData" declared implicitly
      *pBuffer = I2C_ReceiveData(LSM303DLHC_I2C);
..\STM32F\src\stm32f3_discovery_lsm303dlhc.c(558): warning:  #223-D: function "I2C_ClearFlag" declared implicitly
    I2C_ClearFlag(LSM303DLHC_I2C, I2C_ICR_STOPCF);
..\STM32F\src\stm32f3_discovery_lsm303dlhc.c(570): error:  #20: identifier "GPIO_InitTypeDef" is undefined
    GPIO_InitTypeDef GPIO_InitStructure;
..\STM32F\src\stm32f3_discovery_lsm303dlhc.c(571): error:  #20: identifier "EXTI_InitTypeDef" is undefined
    EXTI_InitTypeDef EXTI_InitStructure;
..\STM32F\src\stm32f3_discovery_lsm303dlhc.c(572): error:  #20: identifier "I2C_InitTypeDef" is undefined
    I2C_InitTypeDef  I2C_InitStructure;
..\STM32F\src\stm32f3_discovery_lsm303dlhc.c(575): warning:  #223-D: function "RCC_APB1PeriphClockCmd" declared implicitly
    RCC_APB1PeriphClockCmd(LSM303DLHC_I2C_CLK, ENABLE);
..\STM32F\src\stm32f3_discovery_lsm303dlhc.c(575): error:  #20: identifier "RCC_APB1Periph_I2C1" is undefined
    RCC_APB1PeriphClockCmd(LSM303DLHC_I2C_CLK, ENABLE);
..\STM32F\src\stm32f3_discovery_lsm303dlhc.c(578): warning:  #223-D: function "RCC_AHBPeriphClockCmd" declared implicitly
    RCC_AHBPeriphClockCmd(LSM303DLHC_I2C_SCK_GPIO_CLK | LSM303DLHC_I2C_SDA_GPIO_CLK , ENABLE);
..\STM32F\src\stm32f3_discovery_lsm303dlhc.c(578): error:  #20: identifier "RCC_AHBPeriph_GPIOB" is undefined
    RCC_AHBPeriphClockCmd(LSM303DLHC_I2C_SCK_GPIO_CLK | LSM303DLHC_I2C_SDA_GPIO_CLK , ENABLE);
..\STM32F\src\stm32f3_discovery_lsm303dlhc.c(581): error:  #20: identifier "RCC_AHBPeriph_GPIOE" is undefined
    RCC_AHBPeriphClockCmd(LSM303DLHC_I2C_INT1_GPIO_CLK, ENABLE);
..\STM32F\src\stm32f3_discovery_lsm303dlhc.c(589): warning:  #223-D: function "GPIO_PinAFConfig" declared implicitly
    GPIO_PinAFConfig(LSM303DLHC_I2C_SCK_GPIO_PORT, LSM303DLHC_I2C_SCK_SOURCE, LSM303DLHC_I2C_SCK_AF);
..\STM32F\src\stm32f3_discovery_lsm303dlhc.c(589): error:  #20: identifier "GPIO_PinSource6" is undefined
    GPIO_PinAFConfig(LSM303DLHC_I2C_SCK_GPIO_PORT, LSM303DLHC_I2C_SCK_SOURCE, LSM303DLHC_I2C_SCK_AF);
..\STM32F\src\stm32f3_discovery_lsm303dlhc.c(589): error:  #20: identifier "GPIO_AF_4" is undefined
    GPIO_PinAFConfig(LSM303DLHC_I2C_SCK_GPIO_PORT, LSM303DLHC_I2C_SCK_SOURCE, LSM303DLHC_I2C_SCK_AF);
..\STM32F\src\stm32f3_discovery_lsm303dlhc.c(590): error:  #20: identifier "GPIO_PinSource7" is undefined
    GPIO_PinAFConfig(LSM303DLHC_I2C_SDA_GPIO_PORT, LSM303DLHC_I2C_SDA_SOURCE, LSM303DLHC_I2C_SDA_AF);
..\STM32F\src\stm32f3_discovery_lsm303dlhc.c(592): error:  #20: identifier "GPIO_Mode_AF" is undefined
    GPIO_InitStructure.GPIO_Mode = GPIO_Mode_AF;
..\STM32F\src\stm32f3_discovery_lsm303dlhc.c(593): error:  #20: identifier "GPIO_OType_PP" is undefined
    GPIO_InitStructure.GPIO_OType = GPIO_OType_PP;
..\STM32F\src\stm32f3_discovery_lsm303dlhc.c(594): error:  #20: identifier "GPIO_PuPd_DOWN" is undefined
    GPIO_InitStructure.GPIO_PuPd  = GPIO_PuPd_DOWN;
..\STM32F\src\stm32f3_discovery_lsm303dlhc.c(595): error:  #20: identifier "GPIO_Speed_50MHz" is undefined
    GPIO_InitStructure.GPIO_Speed = GPIO_Speed_50MHz;
..\STM32F\src\stm32f3_discovery_lsm303dlhc.c(598): error:  #20: identifier "GPIO_Pin_6" is undefined
    GPIO_InitStructure.GPIO_Pin = LSM303DLHC_I2C_SCK_PIN;
..\STM32F\src\stm32f3_discovery_lsm303dlhc.c(599): warning:  #223-D: function "GPIO_Init" declared implicitly
    GPIO_Init(LSM303DLHC_I2C_SCK_GPIO_PORT, &GPIO_InitStructure);
..\STM32F\src\stm32f3_discovery_lsm303dlhc.c(602): error:  #20: identifier "GPIO_Pin_7" is undefined
    GPIO_InitStructure.GPIO_Pin =  LSM303DLHC_I2C_SDA_PIN;
..\STM32F\src\stm32f3_discovery_lsm303dlhc.c(606): error:  #20: identifier "GPIO_Mode_IN" is undefined
    GPIO_InitStructure.GPIO_Mode = GPIO_Mode_IN;
..\STM32F\src\stm32f3_discovery_lsm303dlhc.c(608): error:  #20: identifier "GPIO_PuPd_NOPULL" is undefined
    GPIO_InitStructure.GPIO_PuPd  = GPIO_PuPd_NOPULL;
..\STM32F\src\stm32f3_discovery_lsm303dlhc.c(612): error:  #20: identifier "GPIO_Pin_2" is undefined
    GPIO_InitStructure.GPIO_Pin = LSM303DLHC_DRDY_PIN;
..\STM32F\src\stm32f3_discovery_lsm303dlhc.c(616): warning:  #223-D: function "SYSCFG_EXTILineConfig" declared implicitly
    SYSCFG_EXTILineConfig(LSM303DLHC_DRDY_EXTI_PORT_SOURCE, LSM303DLHC_DRDY_EXTI_PIN_SOURCE);
..\STM32F\src\stm32f3_discovery_lsm303dlhc.c(616): error:  #20: identifier "EXTI_PortSourceGPIOE" is undefined
    SYSCFG_EXTILineConfig(LSM303DLHC_DRDY_EXTI_PORT_SOURCE, LSM303DLHC_DRDY_EXTI_PIN_SOURCE);
..\STM32F\src\stm32f3_discovery_lsm303dlhc.c(616): error:  #20: identifier "EXTI_PinSource2" is undefined
    SYSCFG_EXTILineConfig(LSM303DLHC_DRDY_EXTI_PORT_SOURCE, LSM303DLHC_DRDY_EXTI_PIN_SOURCE);
..\STM32F\src\stm32f3_discovery_lsm303dlhc.c(618): error:  #20: identifier "EXTI_Line2" is undefined
    EXTI_InitStructure.EXTI_Line = LSM303DLHC_DRDY_EXTI_LINE;
..\STM32F\src\stm32f3_discovery_lsm303dlhc.c(619): error:  #20: identifier "EXTI_Mode_Interrupt" is undefined
    EXTI_InitStructure.EXTI_Mode = EXTI_Mode_Interrupt;
..\STM32F\src\stm32f3_discovery_lsm303dlhc.c: 14 warnings, 30 errors
compiling stm32f3_discovery_board.c...
".\lab10.axf" - 30 Error(s), 119 Warning(s).
Target not created
Load "D:\\EmbeddedSoftwareLab\\EmbeddedSoftware\\Lab10\\lab10.axf" 
_____^
*** error 56: cannot open file
Error: Flash Download failed  -  Could not load file 'D:\EmbeddedSoftwareLab\EmbeddedSoftware\Lab10\lab10.axf'
oad failed  -  Could not load file 'D:\EmbeddedSoftwareLab\EmbeddedSoftware\Lab10\lab10.axf'
